/homes/saha119/.local/lib/python3.10/site-packages/matplotlib/projections/__init__.py:63: UserWarning: Unable to import Axes3D. This may be due to multiple versions of Matplotlib being installed (e.g. as a system package and as a pip package). As a result, the 3D projection is not available.
  warnings.warn("Unable to import Axes3D. This may be due to multiple versions of "

=== Plot 1: Time vs Message Size (world_size=4) ===

  Message size: 0.00 MB
/homes/saha119/.local/lib/python3.10/site-packages/matplotlib/projections/__init__.py:63: UserWarning: Unable to import Axes3D. This may be due to multiple versions of Matplotlib being installed (e.g. as a system package and as a pip package). As a result, the 3D projection is not available.
  warnings.warn("Unable to import Axes3D. This may be due to multiple versions of "
/homes/saha119/.local/lib/python3.10/site-packages/matplotlib/projections/__init__.py:63: UserWarning: Unable to import Axes3D. This may be due to multiple versions of Matplotlib being installed (e.g. as a system package and as a pip package). As a result, the 3D projection is not available.
  warnings.warn("Unable to import Axes3D. This may be due to multiple versions of "
/homes/saha119/.local/lib/python3.10/site-packages/matplotlib/projections/__init__.py:63: UserWarning: Unable to import Axes3D. This may be due to multiple versions of Matplotlib being installed (e.g. as a system package and as a pip package). As a result, the 3D projection is not available.
  warnings.warn("Unable to import Axes3D. This may be due to multiple versions of "
/homes/saha119/.local/lib/python3.10/site-packages/matplotlib/projections/__init__.py:63: UserWarning: Unable to import Axes3D. This may be due to multiple versions of Matplotlib being installed (e.g. as a system package and as a pip package). As a result, the 3D projection is not available.
  warnings.warn("Unable to import Axes3D. This may be due to multiple versions of "
/homes/saha119/.local/lib/python3.10/site-packages/matplotlib/projections/__init__.py:63: UserWarning: Unable to import Axes3D. This may be due to multiple versions of Matplotlib being installed (e.g. as a system package and as a pip package). As a result, the 3D projection is not available.
  warnings.warn("Unable to import Axes3D. This may be due to multiple versions of "
[Rank 0][Ring] Step 0: send/recv took 0.83 ms
[Rank 0][Ring] Step 0: total 0.99 ms
[Rank 0][Ring] Step 1: send/recv took 0.65 ms
[Rank 0][Ring] Step 1: total 0.80 ms
[Rank 0][Ring] Step 2: send/recv took 0.52 ms
[Rank 0][Ring] Step 2: total 0.68 ms
[Rank 0][Ring] Step 0: send/recv took 0.49 ms
[Rank 0][Ring] Step 0: total 0.59 ms
[Rank 0][Ring] Step 1: send/recv took 0.40 ms
[Rank 0][Ring] Step 1: total 0.52 ms
[Rank 0][Ring] Step 2: send/recv took 0.75 ms
[Rank 0][Ring] Step 2: total 0.90 ms
[Rank 0][Ring] Step 0: send/recv took 0.44 ms
[Rank 0][Ring] Step 0: total 0.52 ms
[Rank 0][Ring] Step 1: send/recv took 0.39 ms
[Rank 0][Ring] Step 1: total 0.46 ms
[Rank 0][Ring] Step 2: send/recv took 0.36 ms
[Rank 0][Ring] Step 2: total 0.46 ms
[Rank 0][Ring] Step 0: send/recv took 0.36 ms
[Rank 0][Ring] Step 0: total 0.43 ms
[Rank 0][Ring] Step 1: send/recv took 0.35 ms
[Rank 0][Ring] Step 1: total 0.43 ms
[Rank 0][Ring] Step 2: send/recv took 0.40 ms
[Rank 0][Ring] Step 2: total 0.48 ms
[Rank 3][Ring] Step 0: send/recv took 0.67 ms
[Rank 3][Ring] Step 0: total 0.84 ms
[Rank 3][Ring] Step 1: send/recv took 0.61 ms
[Rank 3][Ring] Step 1: total 0.75 ms
[Rank 3][Ring] Step 2: send/recv took 0.51 ms
[Rank 3][Ring] Step 2: total 0.70 ms
[Rank 3][Ring] Step 0: send/recv took 0.45 ms
[Rank 3][Ring] Step 0: total 0.53 ms
[Rank 3][Ring] Step 1: send/recv took 0.44 ms
[Rank 3][Ring] Step 1: total 0.54 ms
[Rank 3][Ring] Step 2: send/recv took 0.73 ms
[Rank 3][Ring] Step 2: total 0.83 ms
[Rank 3][Ring] Step 0: send/recv took 0.42 ms
[Rank 3][Ring] Step 0: total 0.49 ms
[Rank 3][Ring] Step 1: send/recv took 0.36 ms
[Rank 3][Ring] Step 1: total 0.45 ms
[Rank 3][Ring] Step 2: send/recv took 0.37 ms
[Rank 3][Ring] Step 2: total 0.46 ms
[Rank 3][Ring] Step 0: send/recv took 0.34 ms
[Rank 3][Ring] Step 0: total 0.42 ms
[Rank 3][Ring] Step 1: send/recv took 0.36 ms
[Rank 3][Ring] Step 1: total 0.44 ms
[Rank 3][Ring] Step 2: send/recv took 0.39 ms
[Rank 3][Ring] Step 2: total 0.47 ms
[Rank 2][Ring] Step 0: send/recv took 17.23 ms
[Rank 2][Ring] Step 0: total 17.36 ms
[Rank 2][Ring] Step 1: send/recv took 0.48 ms
[Rank 2][Ring] Step 1: total 0.66 ms
[Rank 2][Ring] Step 2: send/recv took 0.56 ms
[Rank 2][Ring] Step 2: total 0.69 ms
[Rank 2][Ring] Step 0: send/recv took 0.47 ms
[Rank 2][Ring] Step 0: total 0.57 ms
[Rank 2][Ring] Step 1: send/recv took 0.40 ms
[Rank 2][Ring] Step 1: total 0.51 ms
[Rank 2][Ring] Step 2: send/recv took 0.49 ms
[Rank 2][Ring] Step 2: total 0.62 ms
[Rank 2][Ring] Step 0: send/recv took 0.55 ms
[Rank 2][Ring] Step 0: total 0.64 ms
[Rank 2][Ring] Step 1: send/recv took 0.29 ms
[Rank 2][Ring] Step 1: total 0.39 ms
[Rank 2][Ring] Step 2: send/recv took 0.39 ms
[Rank 2][Ring] Step 2: total 0.48 ms
[Rank 2][Ring] Step 0: send/recv took 0.51 ms
[Rank 2][Ring] Step 0: total 0.58 ms
[Rank 2][Ring] Step 1: send/recv took 0.37 ms
[Rank 2][Ring] Step 1: total 0.45 ms
[Rank 2][Ring] Step 2: send/recv took 0.41 ms
[Rank 2][Ring] Step 2: total 0.50 ms
[Rank 1][Ring] Step 0: send/recv took 16.98 ms
[Rank 1][Ring] Step 0: total 17.14 ms
[Rank 1][Ring] Step 1: send/recv took 0.53 ms
[Rank 1][Ring] Step 1: total 0.71 ms
[Rank 1][Ring] Step 2: send/recv took 0.51 ms
[Rank 1][Ring] Step 2: total 0.72 ms
[Rank 1][Ring] Step 0: send/recv took 0.43 ms
[Rank 1][Ring] Step 0: total 0.58 ms
[Rank 1][Ring] Step 1: send/recv took 0.42 ms
[Rank 1][Ring] Step 1: total 0.56 ms
[Rank 1][Ring] Step 2: send/recv took 0.40 ms
[Rank 1][Ring] Step 2: total 0.54 ms
[Rank 1][Ring] Step 0: send/recv took 0.41 ms
[Rank 1][Ring] Step 0: total 0.52 ms
[Rank 1][Ring] Step 1: send/recv took 0.30 ms
[Rank 1][Ring] Step 1: total 0.41 ms
[Rank 1][Ring] Step 2: send/recv took 0.35 ms
[Rank 1][Ring] Step 2: total 0.47 ms
[Rank 1][Ring] Step 0: send/recv took 0.34 ms
[Rank 1][Ring] Step 0: total 0.45 ms
[Rank 1][Ring] Step 1: send/recv took 0.33 ms
[Rank 1][Ring] Step 1: total 0.45 ms
[Rank 1][Ring] Step 2: send/recv took 0.33 ms
[Rank 1][Ring] Step 2: total 0.49 ms
    Ring                  : 1.96 ms
/homes/saha119/.local/lib/python3.10/site-packages/matplotlib/projections/__init__.py:63: UserWarning: Unable to import Axes3D. This may be due to multiple versions of Matplotlib being installed (e.g. as a system package and as a pip package). As a result, the 3D projection is not available.
  warnings.warn("Unable to import Axes3D. This may be due to multiple versions of "
/homes/saha119/.local/lib/python3.10/site-packages/matplotlib/projections/__init__.py:63: UserWarning: Unable to import Axes3D. This may be due to multiple versions of Matplotlib being installed (e.g. as a system package and as a pip package). As a result, the 3D projection is not available.
  warnings.warn("Unable to import Axes3D. This may be due to multiple versions of "
/homes/saha119/.local/lib/python3.10/site-packages/matplotlib/projections/__init__.py:63: UserWarning: Unable to import Axes3D. This may be due to multiple versions of Matplotlib being installed (e.g. as a system package and as a pip package). As a result, the 3D projection is not available.
  warnings.warn("Unable to import Axes3D. This may be due to multiple versions of "
/homes/saha119/.local/lib/python3.10/site-packages/matplotlib/projections/__init__.py:63: UserWarning: Unable to import Axes3D. This may be due to multiple versions of Matplotlib being installed (e.g. as a system package and as a pip package). As a result, the 3D projection is not available.
  warnings.warn("Unable to import Axes3D. This may be due to multiple versions of "
/homes/saha119/.local/lib/python3.10/site-packages/matplotlib/projections/__init__.py:63: UserWarning: Unable to import Axes3D. This may be due to multiple versions of Matplotlib being installed (e.g. as a system package and as a pip package). As a result, the 3D projection is not available.
  warnings.warn("Unable to import Axes3D. This may be due to multiple versions of "
[Rank 0][RecDouble] Step 0: partner=1, send/recv took 17.41 ms
[Rank 0][RecDouble] Step 0: total 17.51 ms
[Rank 0][RecDouble] Step 1: partner=2, send/recv took 0.31 ms
[Rank 0][RecDouble] Step 1: total 0.42 ms
[Rank 0][RecDouble] Step 0: partner=1, send/recv took 0.33 ms
[Rank 0][RecDouble] Step 0: total 0.41 ms
[Rank 0][RecDouble] Step 1: partner=2, send/recv took 0.48 ms
[Rank 0][RecDouble] Step 1: total 0.58 ms
[Rank 0][RecDouble] Step 0: partner=1, send/recv took 0.40 ms
[Rank 0][RecDouble] Step 0: total 0.49 ms
[Rank 0][RecDouble] Step 1: partner=2, send/recv took 0.39 ms
[Rank 0][RecDouble] Step 1: total 0.47 ms
[Rank 0][RecDouble] Step 0: partner=1, send/recv took 0.48 ms
[Rank 0][RecDouble] Step 0: total 0.57 ms
[Rank 0][RecDouble] Step 1: partner=2, send/recv took 0.30 ms
[Rank 0][RecDouble] Step 1: total 0.39 ms
[Rank 1][RecDouble] Step 0: partner=0, send/recv took 0.56 ms
[Rank 1][RecDouble] Step 0: total 0.69 ms
[Rank 1][RecDouble] Step 1: partner=3, send/recv took 0.30 ms
[Rank 1][RecDouble] Step 1: total 0.40 ms
[Rank 1][RecDouble] Step 0: partner=0, send/recv took 0.32 ms
[Rank 1][RecDouble] Step 0: total 0.41 ms
[Rank 1][RecDouble] Step 1: partner=3, send/recv took 0.41 ms
[Rank 1][RecDouble] Step 1: total 0.51 ms
[Rank 1][RecDouble] Step 0: partner=0, send/recv took 0.54 ms
[Rank 1][RecDouble] Step 0: total 0.68 ms
[Rank 1][RecDouble] Step 1: partner=3, send/recv took 0.49 ms
[Rank 1][RecDouble] Step 1: total 0.70 ms
[Rank 1][RecDouble] Step 0: partner=0, send/recv took 0.39 ms
[Rank 1][RecDouble] Step 0: total 0.48 ms
[Rank 1][RecDouble] Step 1: partner=3, send/recv took 0.45 ms
[Rank 1][RecDouble] Step 1: total 0.57 ms
[Rank 3][RecDouble] Step 0: partner=2, send/recv took 17.03 ms
[Rank 3][RecDouble] Step 0: total 17.15 ms
[Rank 3][RecDouble] Step 1: partner=1, send/recv took 0.73 ms
[Rank 3][RecDouble] Step 1: total 0.82 ms
[Rank 3][RecDouble] Step 0: partner=2, send/recv took 0.31 ms
[Rank 3][RecDouble] Step 0: total 0.41 ms
[Rank 3][RecDouble] Step 1: partner=1, send/recv took 0.30 ms
[Rank 3][RecDouble] Step 1: total 0.42 ms
[Rank 3][RecDouble] Step 0: partner=2, send/recv took 0.54 ms
[Rank 3][RecDouble] Step 0: total 0.62 ms
[Rank 3][RecDouble] Step 1: partner=1, send/recv took 0.57 ms
[Rank 3][RecDouble] Step 1: total 0.66 ms
[Rank 3][RecDouble] Step 0: partner=2, send/recv took 0.36 ms
[Rank 3][RecDouble] Step 0: total 0.46 ms
[Rank 3][RecDouble] Step 1: partner=1, send/recv took 0.38 ms
[Rank 3][RecDouble] Step 1: total 0.48 ms
[Rank 2][RecDouble] Step 0: partner=3, send/recv took 0.38 ms
[Rank 2][RecDouble] Step 0: total 0.49 ms
[Rank 2][RecDouble] Step 1: partner=0, send/recv took 0.69 ms
[Rank 2][RecDouble] Step 1: total 0.82 ms
[Rank 2][RecDouble] Step 0: partner=3, send/recv took 0.29 ms
[Rank 2][RecDouble] Step 0: total 0.39 ms
[Rank 2][RecDouble] Step 1: partner=0, send/recv took 0.39 ms
[Rank 2][RecDouble] Step 1: total 0.49 ms
[Rank 2][RecDouble] Step 0: partner=3, send/recv took 0.32 ms
[Rank 2][RecDouble] Step 0: total 0.41 ms
[Rank 2][RecDouble] Step 1: partner=0, send/recv took 0.33 ms
[Rank 2][RecDouble] Step 1: total 0.43 ms
[Rank 2][RecDouble] Step 0: partner=3, send/recv took 0.38 ms
[Rank 2][RecDouble] Step 0: total 0.48 ms
[Rank 2][RecDouble] Step 1: partner=0, send/recv took 0.25 ms
[Rank 2][RecDouble] Step 1: total 0.37 ms
    Recursive Doubling    : 1.40 ms
/homes/saha119/.local/lib/python3.10/site-packages/matplotlib/projections/__init__.py:63: UserWarning: Unable to import Axes3D. This may be due to multiple versions of Matplotlib being installed (e.g. as a system package and as a pip package). As a result, the 3D projection is not available.
  warnings.warn("Unable to import Axes3D. This may be due to multiple versions of "
/homes/saha119/.local/lib/python3.10/site-packages/matplotlib/projections/__init__.py:63: UserWarning: Unable to import Axes3D. This may be due to multiple versions of Matplotlib being installed (e.g. as a system package and as a pip package). As a result, the 3D projection is not available.
  warnings.warn("Unable to import Axes3D. This may be due to multiple versions of "
/homes/saha119/.local/lib/python3.10/site-packages/matplotlib/projections/__init__.py:63: UserWarning: Unable to import Axes3D. This may be due to multiple versions of Matplotlib being installed (e.g. as a system package and as a pip package). As a result, the 3D projection is not available.
  warnings.warn("Unable to import Axes3D. This may be due to multiple versions of "
/homes/saha119/.local/lib/python3.10/site-packages/matplotlib/projections/__init__.py:63: UserWarning: Unable to import Axes3D. This may be due to multiple versions of Matplotlib being installed (e.g. as a system package and as a pip package). As a result, the 3D projection is not available.
  warnings.warn("Unable to import Axes3D. This may be due to multiple versions of "
/homes/saha119/.local/lib/python3.10/site-packages/matplotlib/projections/__init__.py:63: UserWarning: Unable to import Axes3D. This may be due to multiple versions of Matplotlib being installed (e.g. as a system package and as a pip package). As a result, the 3D projection is not available.
  warnings.warn("Unable to import Axes3D. This may be due to multiple versions of "
[Rank 0][Swing] Step 0: partner=1, send/recv took 0.52 ms
[Rank 0][Swing] Step 0: total 0.63 ms
[Rank 0][Swing] Step 1: partner=2, send/recv took 0.36 ms
[Rank 0][Swing] Step 1: total 0.47 ms
[Rank 0][Swing] Step 0: partner=1, send/recv took 0.49 ms
[Rank 0][Swing] Step 0: total 0.58 ms
[Rank 0][Swing] Step 1: partner=2, send/recv took 0.65 ms
[Rank 0][Swing] Step 1: total 0.75 ms
[Rank 0][Swing] Step 0: partner=1, send/recv took 0.54 ms
[Rank 0][Swing] Step 0: total 0.63 ms
[Rank 0][Swing] Step 1: partner=2, send/recv took 0.48 ms
[Rank 0][Swing] Step 1: total 0.58 ms
[Rank 0][Swing] Step 0: partner=1, send/recv took 0.52 ms
[Rank 0][Swing] Step 0: total 0.61 ms
[Rank 0][Swing] Step 1: partner=2, send/recv took 0.34 ms
[Rank 0][Swing] Step 1: total 0.44 ms
[Rank 1][Swing] Step 0: partner=0, send/recv took 23.81 ms
[Rank 1][Swing] Step 0: total 23.95 ms
[Rank 1][Swing] Step 1: partner=3, send/recv took 0.42 ms
[Rank 1][Swing] Step 1: total 0.55 ms
[Rank 1][Swing] Step 0: partner=0, send/recv took 0.46 ms
[Rank 1][Swing] Step 0: total 0.56 ms
[Rank 1][Swing] Step 1: partner=3, send/recv took 0.56 ms
[Rank 1][Swing] Step 1: total 0.68 ms
[Rank 1][Swing] Step 0: partner=0, send/recv took 0.40 ms
[Rank 1][Swing] Step 0: total 0.48 ms
[Rank 1][Swing] Step 1: partner=3, send/recv took 0.30 ms
[Rank 1][Swing] Step 1: total 2.11 ms
[Rank 1][Swing] Step 0: partner=0, send/recv took 0.37 ms
[Rank 1][Swing] Step 0: total 0.46 ms
[Rank 1][Swing] Step 1: partner=3, send/recv took 0.30 ms
[Rank 1][Swing] Step 1: total 0.39 ms
[Rank 2][Swing] Step 0: partner=3, send/recv took 0.43 ms
[Rank 2][Swing] Step 0: total 0.53 ms
[Rank 2][Swing] Step 1: partner=0, send/recv took 23.45 ms
[Rank 2][Swing] Step 1: total 23.59 ms
[Rank 2][Swing] Step 0: partner=3, send/recv took 0.50 ms
[Rank 2][Swing] Step 0: total 0.59 ms
[Rank 2][Swing] Step 1: partner=0, send/recv took 0.60 ms
[Rank 2][Swing] Step 1: total 0.70 ms
[Rank 2][Swing] Step 0: partner=3, send/recv took 0.50 ms
[Rank 2][Swing] Step 0: total 0.59 ms
[Rank 2][Swing] Step 1: partner=0, send/recv took 0.37 ms
[Rank 2][Swing] Step 1: total 0.49 ms
[Rank 2][Swing] Step 0: partner=3, send/recv took 0.48 ms
[Rank 2][Swing] Step 0: total 0.55 ms
[Rank 2][Swing] Step 1: partner=0, send/recv took 0.39 ms
[Rank 2][Swing] Step 1: total 0.47 ms
[Rank 3][Swing] Step 0: partner=2, send/recv took 0.45 ms
[Rank 3][Swing] Step 0: total 0.57 ms
[Rank 3][Swing] Step 1: partner=1, send/recv took 23.55 ms
[Rank 3][Swing] Step 1: total 23.69 ms
[Rank 3][Swing] Step 0: partner=2, send/recv took 0.48 ms
[Rank 3][Swing] Step 0: total 0.58 ms
[Rank 3][Swing] Step 1: partner=1, send/recv took 0.54 ms
[Rank 3][Swing] Step 1: total 0.66 ms
[Rank 3][Swing] Step 0: partner=2, send/recv took 0.36 ms
[Rank 3][Swing] Step 0: total 0.44 ms
[Rank 3][Swing] Step 1: partner=1, send/recv took 0.32 ms
[Rank 3][Swing] Step 1: total 0.42 ms
[Rank 3][Swing] Step 0: partner=2, send/recv took 0.33 ms
[Rank 3][Swing] Step 0: total 0.41 ms
[Rank 3][Swing] Step 1: partner=1, send/recv took 0.31 ms
[Rank 3][Swing] Step 1: total 0.41 ms
    Swing                 : 1.62 ms
  Message size: 0.00 MB
/homes/saha119/.local/lib/python3.10/site-packages/matplotlib/projections/__init__.py:63: UserWarning: Unable to import Axes3D. This may be due to multiple versions of Matplotlib being installed (e.g. as a system package and as a pip package). As a result, the 3D projection is not available.
  warnings.warn("Unable to import Axes3D. This may be due to multiple versions of "
/homes/saha119/.local/lib/python3.10/site-packages/matplotlib/projections/__init__.py:63: UserWarning: Unable to import Axes3D. This may be due to multiple versions of Matplotlib being installed (e.g. as a system package and as a pip package). As a result, the 3D projection is not available.
  warnings.warn("Unable to import Axes3D. This may be due to multiple versions of "
/homes/saha119/.local/lib/python3.10/site-packages/matplotlib/projections/__init__.py:63: UserWarning: Unable to import Axes3D. This may be due to multiple versions of Matplotlib being installed (e.g. as a system package and as a pip package). As a result, the 3D projection is not available.
  warnings.warn("Unable to import Axes3D. This may be due to multiple versions of "
/homes/saha119/.local/lib/python3.10/site-packages/matplotlib/projections/__init__.py:63: UserWarning: Unable to import Axes3D. This may be due to multiple versions of Matplotlib being installed (e.g. as a system package and as a pip package). As a result, the 3D projection is not available.
  warnings.warn("Unable to import Axes3D. This may be due to multiple versions of "
/homes/saha119/.local/lib/python3.10/site-packages/matplotlib/projections/__init__.py:63: UserWarning: Unable to import Axes3D. This may be due to multiple versions of Matplotlib being installed (e.g. as a system package and as a pip package). As a result, the 3D projection is not available.
  warnings.warn("Unable to import Axes3D. This may be due to multiple versions of "
[Rank 0][Ring] Step 0: send/recv took 18.80 ms
[Rank 0][Ring] Step 0: total 18.93 ms
[Rank 0][Ring] Step 1: send/recv took 0.77 ms
[Rank 0][Ring] Step 1: total 0.92 ms
[Rank 0][Ring] Step 2: send/recv took 0.52 ms
[Rank 0][Ring] Step 2: total 0.67 ms
[Rank 0][Ring] Step 0: send/recv took 0.56 ms
[Rank 0][Ring] Step 0: total 0.68 ms
[Rank 0][Ring] Step 1: send/recv took 0.49 ms
[Rank 0][Ring] Step 1: total 0.67 ms
[Rank 0][Ring] Step 2: send/recv took 0.52 ms
[Rank 0][Ring] Step 2: total 0.66 ms
[Rank 0][Ring] Step 0: send/recv took 0.31 ms
[Rank 0][Ring] Step 0: total 0.39 ms
[Rank 0][Ring] Step 1: send/recv took 0.33 ms
[Rank 0][Ring] Step 1: total 0.42 ms
[Rank 0][Ring] Step 2: send/recv took 0.31 ms
[Rank 0][Ring] Step 2: total 0.42 ms
[Rank 0][Ring] Step 0: send/recv took 0.30 ms
[Rank 0][Ring] Step 0: total 0.38 ms
[Rank 0][Ring] Step 1: send/recv took 0.32 ms
[Rank 0][Ring] Step 1: total 0.41 ms
[Rank 0][Ring] Step 2: send/recv took 0.32 ms
[Rank 0][Ring] Step 2: total 0.40 ms
[Rank 3][Ring] Step 0: send/recv took 0.55 ms
[Rank 3][Ring] Step 0: total 0.71 ms
[Rank 3][Ring] Step 1: send/recv took 0.79 ms
[Rank 3][Ring] Step 1: total 0.93 ms
[Rank 3][Ring] Step 2: send/recv took 0.57 ms
[Rank 3][Ring] Step 2: total 0.69 ms
[Rank 3][Ring] Step 0: send/recv took 0.44 ms
[Rank 3][Ring] Step 0: total 0.56 ms
[Rank 3][Ring] Step 1: send/recv took 0.52 ms
[Rank 3][Ring] Step 1: total 0.66 ms
[Rank 3][Ring] Step 2: send/recv took 0.54 ms
[Rank 3][Ring] Step 2: total 0.67 ms
[Rank 3][Ring] Step 0: send/recv took 0.33 ms
[Rank 3][Ring] Step 0: total 0.41 ms
[Rank 3][Ring] Step 1: send/recv took 0.34 ms
[Rank 3][Ring] Step 1: total 0.42 ms
[Rank 3][Ring] Step 2: send/recv took 0.31 ms
[Rank 3][Ring] Step 2: total 0.40 ms
[Rank 3][Ring] Step 0: send/recv took 0.33 ms
[Rank 3][Ring] Step 0: total 0.41 ms
[Rank 3][Ring] Step 1: send/recv took 0.32 ms
[Rank 3][Ring] Step 1: total 0.41 ms
[Rank 3][Ring] Step 2: send/recv took 0.32 ms
[Rank 3][Ring] Step 2: total 0.40 ms
[Rank 2][Ring] Step 0: send/recv took 0.60 ms
[Rank 2][Ring] Step 0: total 0.75 ms
[Rank 2][Ring] Step 1: send/recv took 0.62 ms
[Rank 2][Ring] Step 1: total 0.79 ms
[Rank 2][Ring] Step 2: send/recv took 0.68 ms
[Rank 2][Ring] Step 2: total 0.83 ms
[Rank 2][Ring] Step 0: send/recv took 0.61 ms
[Rank 2][Ring] Step 0: total 0.72 ms
[Rank 2][Ring] Step 1: send/recv took 0.50 ms
[Rank 2][Ring] Step 1: total 0.67 ms
[Rank 2][Ring] Step 2: send/recv took 0.53 ms
[Rank 2][Ring] Step 2: total 0.65 ms
[Rank 2][Ring] Step 0: send/recv took 0.35 ms
[Rank 2][Ring] Step 0: total 0.43 ms
[Rank 2][Ring] Step 1: send/recv took 0.33 ms
[Rank 2][Ring] Step 1: total 0.42 ms
[Rank 2][Ring] Step 2: send/recv took 0.34 ms
[Rank 2][Ring] Step 2: total 0.44 ms
[Rank 2][Ring] Step 0: send/recv took 0.32 ms
[Rank 2][Ring] Step 0: total 0.41 ms
[Rank 2][Ring] Step 1: send/recv took 0.31 ms
[Rank 2][Ring] Step 1: total 0.40 ms
[Rank 2][Ring] Step 2: send/recv took 0.32 ms
[Rank 2][Ring] Step 2: total 0.41 ms
[Rank 1][Ring] Step 0: send/recv took 18.77 ms
[Rank 1][Ring] Step 0: total 18.89 ms
[Rank 1][Ring] Step 1: send/recv took 0.55 ms
[Rank 1][Ring] Step 1: total 0.71 ms
[Rank 1][Ring] Step 2: send/recv took 0.70 ms
[Rank 1][Ring] Step 2: total 0.86 ms
[Rank 1][Ring] Step 0: send/recv took 0.48 ms
[Rank 1][Ring] Step 0: total 0.62 ms
[Rank 1][Ring] Step 1: send/recv took 0.50 ms
[Rank 1][Ring] Step 1: total 0.68 ms
[Rank 1][Ring] Step 2: send/recv took 0.47 ms
[Rank 1][Ring] Step 2: total 0.63 ms
[Rank 1][Ring] Step 0: send/recv took 0.36 ms
[Rank 1][Ring] Step 0: total 0.47 ms
[Rank 1][Ring] Step 1: send/recv took 0.31 ms
[Rank 1][Ring] Step 1: total 0.42 ms
[Rank 1][Ring] Step 2: send/recv took 0.30 ms
[Rank 1][Ring] Step 2: total 0.43 ms
[Rank 1][Ring] Step 0: send/recv took 0.35 ms
[Rank 1][Ring] Step 0: total 0.43 ms
[Rank 1][Ring] Step 1: send/recv took 0.30 ms
[Rank 1][Ring] Step 1: total 0.40 ms
[Rank 1][Ring] Step 2: send/recv took 0.31 ms
[Rank 1][Ring] Step 2: total 0.41 ms
    Ring                  : 1.90 ms
/homes/saha119/.local/lib/python3.10/site-packages/matplotlib/projections/__init__.py:63: UserWarning: Unable to import Axes3D. This may be due to multiple versions of Matplotlib being installed (e.g. as a system package and as a pip package). As a result, the 3D projection is not available.
  warnings.warn("Unable to import Axes3D. This may be due to multiple versions of "
/homes/saha119/.local/lib/python3.10/site-packages/matplotlib/projections/__init__.py:63: UserWarning: Unable to import Axes3D. This may be due to multiple versions of Matplotlib being installed (e.g. as a system package and as a pip package). As a result, the 3D projection is not available.
  warnings.warn("Unable to import Axes3D. This may be due to multiple versions of "
/homes/saha119/.local/lib/python3.10/site-packages/matplotlib/projections/__init__.py:63: UserWarning: Unable to import Axes3D. This may be due to multiple versions of Matplotlib being installed (e.g. as a system package and as a pip package). As a result, the 3D projection is not available.
  warnings.warn("Unable to import Axes3D. This may be due to multiple versions of "
/homes/saha119/.local/lib/python3.10/site-packages/matplotlib/projections/__init__.py:63: UserWarning: Unable to import Axes3D. This may be due to multiple versions of Matplotlib being installed (e.g. as a system package and as a pip package). As a result, the 3D projection is not available.
  warnings.warn("Unable to import Axes3D. This may be due to multiple versions of "
/homes/saha119/.local/lib/python3.10/site-packages/matplotlib/projections/__init__.py:63: UserWarning: Unable to import Axes3D. This may be due to multiple versions of Matplotlib being installed (e.g. as a system package and as a pip package). As a result, the 3D projection is not available.
  warnings.warn("Unable to import Axes3D. This may be due to multiple versions of "
[Rank 0][RecDouble] Step 0: partner=1, send/recv took 16.63 ms
[Rank 0][RecDouble] Step 0: total 16.79 ms
[Rank 0][RecDouble] Step 1: partner=2, send/recv took 0.52 ms
[Rank 0][RecDouble] Step 1: total 0.68 ms
[Rank 0][RecDouble] Step 0: partner=1, send/recv took 0.52 ms
[Rank 0][RecDouble] Step 0: total 0.66 ms
[Rank 0][RecDouble] Step 1: partner=2, send/recv took 0.66 ms
[Rank 0][RecDouble] Step 1: total 0.82 ms
[Rank 0][RecDouble] Step 0: partner=1, send/recv took 0.47 ms
[Rank 0][RecDouble] Step 0: total 0.60 ms
[Rank 0][RecDouble] Step 1: partner=2, send/recv took 0.36 ms
[Rank 0][RecDouble] Step 1: total 0.50 ms
[Rank 0][RecDouble] Step 0: partner=1, send/recv took 0.35 ms
[Rank 0][RecDouble] Step 0: total 0.48 ms
[Rank 0][RecDouble] Step 1: partner=2, send/recv took 0.30 ms
[Rank 0][RecDouble] Step 1: total 0.44 ms
[Rank 1][RecDouble] Step 0: partner=0, send/recv took 0.63 ms
[Rank 1][RecDouble] Step 0: total 0.75 ms
[Rank 1][RecDouble] Step 1: partner=3, send/recv took 0.62 ms
[Rank 1][RecDouble] Step 1: total 0.74 ms
[Rank 1][RecDouble] Step 0: partner=0, send/recv took 0.54 ms
[Rank 1][RecDouble] Step 0: total 0.63 ms
[Rank 1][RecDouble] Step 1: partner=3, send/recv took 0.42 ms
[Rank 1][RecDouble] Step 1: total 0.53 ms
[Rank 1][RecDouble] Step 0: partner=0, send/recv took 0.54 ms
[Rank 1][RecDouble] Step 0: total 0.65 ms
[Rank 1][RecDouble] Step 1: partner=3, send/recv took 0.31 ms
[Rank 1][RecDouble] Step 1: total 0.44 ms
[Rank 1][RecDouble] Step 0: partner=0, send/recv took 0.40 ms
[Rank 1][RecDouble] Step 0: total 0.49 ms
[Rank 1][RecDouble] Step 1: partner=3, send/recv took 0.22 ms
[Rank 1][RecDouble] Step 1: total 0.31 ms
[Rank 3][RecDouble] Step 0: partner=2, send/recv took 0.62 ms
[Rank 3][RecDouble] Step 0: total 0.74 ms
[Rank 3][RecDouble] Step 1: partner=1, send/recv took 0.59 ms
[Rank 3][RecDouble] Step 1: total 0.71 ms
[Rank 3][RecDouble] Step 0: partner=2, send/recv took 0.53 ms
[Rank 3][RecDouble] Step 0: total 0.63 ms
[Rank 3][RecDouble] Step 1: partner=1, send/recv took 0.40 ms
[Rank 3][RecDouble] Step 1: total 0.52 ms
[Rank 3][RecDouble] Step 0: partner=2, send/recv took 0.43 ms
[Rank 3][RecDouble] Step 0: total 0.54 ms
[Rank 3][RecDouble] Step 1: partner=1, send/recv took 0.36 ms
[Rank 3][RecDouble] Step 1: total 0.48 ms
[Rank 3][RecDouble] Step 0: partner=2, send/recv took 0.40 ms
[Rank 3][RecDouble] Step 0: total 0.48 ms
[Rank 3][RecDouble] Step 1: partner=1, send/recv took 0.25 ms
[Rank 3][RecDouble] Step 1: total 0.34 ms
[Rank 2][RecDouble] Step 0: partner=3, send/recv took 16.47 ms
[Rank 2][RecDouble] Step 0: total 16.62 ms
[Rank 2][RecDouble] Step 1: partner=0, send/recv took 0.55 ms
[Rank 2][RecDouble] Step 1: total 0.71 ms
[Rank 2][RecDouble] Step 0: partner=3, send/recv took 0.52 ms
[Rank 2][RecDouble] Step 0: total 0.66 ms
[Rank 2][RecDouble] Step 1: partner=0, send/recv took 0.66 ms
[Rank 2][RecDouble] Step 1: total 0.82 ms
[Rank 2][RecDouble] Step 0: partner=3, send/recv took 0.43 ms
[Rank 2][RecDouble] Step 0: total 0.57 ms
[Rank 2][RecDouble] Step 1: partner=0, send/recv took 0.34 ms
[Rank 2][RecDouble] Step 1: total 0.51 ms
[Rank 2][RecDouble] Step 0: partner=3, send/recv took 0.29 ms
[Rank 2][RecDouble] Step 0: total 0.39 ms
[Rank 2][RecDouble] Step 1: partner=0, send/recv took 0.34 ms
[Rank 2][RecDouble] Step 1: total 0.47 ms
    Recursive Doubling    : 1.49 ms
/homes/saha119/.local/lib/python3.10/site-packages/matplotlib/projections/__init__.py:63: UserWarning: Unable to import Axes3D. This may be due to multiple versions of Matplotlib being installed (e.g. as a system package and as a pip package). As a result, the 3D projection is not available.
  warnings.warn("Unable to import Axes3D. This may be due to multiple versions of "
/homes/saha119/.local/lib/python3.10/site-packages/matplotlib/projections/__init__.py:63: UserWarning: Unable to import Axes3D. This may be due to multiple versions of Matplotlib being installed (e.g. as a system package and as a pip package). As a result, the 3D projection is not available.
  warnings.warn("Unable to import Axes3D. This may be due to multiple versions of "
/homes/saha119/.local/lib/python3.10/site-packages/matplotlib/projections/__init__.py:63: UserWarning: Unable to import Axes3D. This may be due to multiple versions of Matplotlib being installed (e.g. as a system package and as a pip package). As a result, the 3D projection is not available.
  warnings.warn("Unable to import Axes3D. This may be due to multiple versions of "
/homes/saha119/.local/lib/python3.10/site-packages/matplotlib/projections/__init__.py:63: UserWarning: Unable to import Axes3D. This may be due to multiple versions of Matplotlib being installed (e.g. as a system package and as a pip package). As a result, the 3D projection is not available.
  warnings.warn("Unable to import Axes3D. This may be due to multiple versions of "
/homes/saha119/.local/lib/python3.10/site-packages/matplotlib/projections/__init__.py:63: UserWarning: Unable to import Axes3D. This may be due to multiple versions of Matplotlib being installed (e.g. as a system package and as a pip package). As a result, the 3D projection is not available.
  warnings.warn("Unable to import Axes3D. This may be due to multiple versions of "
[Rank 0][Swing] Step 0: partner=1, send/recv took 0.45 ms
[Rank 0][Swing] Step 0: total 0.57 ms
[Rank 0][Swing] Step 1: partner=2, send/recv took 17.74 ms
[Rank 0][Swing] Step 1: total 17.91 ms
[Rank 0][Swing] Step 0: partner=1, send/recv took 0.47 ms
[Rank 0][Swing] Step 0: total 0.62 ms
[Rank 0][Swing] Step 1: partner=2, send/recv took 0.69 ms
[Rank 0][Swing] Step 1: total 0.86 ms
[Rank 0][Swing] Step 0: partner=1, send/recv took 0.46 ms
[Rank 0][Swing] Step 0: total 0.58 ms
[Rank 0][Swing] Step 1: partner=2, send/recv took 0.69 ms
[Rank 0][Swing] Step 1: total 0.82 ms
[Rank 0][Swing] Step 0: partner=1, send/recv took 0.39 ms
[Rank 0][Swing] Step 0: total 0.51 ms
[Rank 0][Swing] Step 1: partner=2, send/recv took 0.43 ms
[Rank 0][Swing] Step 1: total 0.55 ms
[Rank 1][Swing] Step 0: partner=0, send/recv took 0.69 ms
[Rank 1][Swing] Step 0: total 0.83 ms
[Rank 1][Swing] Step 1: partner=3, send/recv took 17.67 ms
[Rank 1][Swing] Step 1: total 17.81 ms
[Rank 1][Swing] Step 0: partner=0, send/recv took 0.59 ms
[Rank 1][Swing] Step 0: total 0.75 ms
[Rank 1][Swing] Step 1: partner=3, send/recv took 0.62 ms
[Rank 1][Swing] Step 1: total 0.80 ms
[Rank 1][Swing] Step 0: partner=0, send/recv took 0.43 ms
[Rank 1][Swing] Step 0: total 0.54 ms
[Rank 1][Swing] Step 1: partner=3, send/recv took 0.69 ms
[Rank 1][Swing] Step 1: total 0.84 ms
[Rank 1][Swing] Step 0: partner=0, send/recv took 0.38 ms
[Rank 1][Swing] Step 0: total 0.48 ms
[Rank 1][Swing] Step 1: partner=3, send/recv took 0.34 ms
[Rank 1][Swing] Step 1: total 0.47 ms
[Rank 2][Swing] Step 0: partner=3, send/recv took 17.47 ms
[Rank 2][Swing] Step 0: total 17.63 ms
[Rank 2][Swing] Step 1: partner=0, send/recv took 0.73 ms
[Rank 2][Swing] Step 1: total 0.93 ms
[Rank 2][Swing] Step 0: partner=3, send/recv took 0.59 ms
[Rank 2][Swing] Step 0: total 0.76 ms
[Rank 2][Swing] Step 1: partner=0, send/recv took 0.55 ms
[Rank 2][Swing] Step 1: total 0.72 ms
[Rank 2][Swing] Step 0: partner=3, send/recv took 0.63 ms
[Rank 2][Swing] Step 0: total 0.76 ms
[Rank 2][Swing] Step 1: partner=0, send/recv took 0.45 ms
[Rank 2][Swing] Step 1: total 0.62 ms
[Rank 2][Swing] Step 0: partner=3, send/recv took 0.41 ms
[Rank 2][Swing] Step 0: total 0.56 ms
[Rank 2][Swing] Step 1: partner=0, send/recv took 0.38 ms
[Rank 2][Swing] Step 1: total 0.50 ms
[Rank 3][Swing] Step 0: partner=2, send/recv took 0.92 ms
[Rank 3][Swing] Step 0: total 1.15 ms
[Rank 3][Swing] Step 1: partner=1, send/recv took 0.72 ms
[Rank 3][Swing] Step 1: total 0.94 ms
[Rank 3][Swing] Step 0: partner=2, send/recv took 0.61 ms
[Rank 3][Swing] Step 0: total 0.78 ms
[Rank 3][Swing] Step 1: partner=1, send/recv took 0.49 ms
[Rank 3][Swing] Step 1: total 0.67 ms
[Rank 3][Swing] Step 0: partner=2, send/recv took 0.50 ms
[Rank 3][Swing] Step 0: total 0.64 ms
[Rank 3][Swing] Step 1: partner=1, send/recv took 0.44 ms
[Rank 3][Swing] Step 1: total 0.64 ms
[Rank 3][Swing] Step 0: partner=2, send/recv took 0.34 ms
[Rank 3][Swing] Step 0: total 0.48 ms
[Rank 3][Swing] Step 1: partner=1, send/recv took 0.30 ms
[Rank 3][Swing] Step 1: total 0.41 ms
    Swing                 : 1.63 ms
  Message size: 0.00 MB
/homes/saha119/.local/lib/python3.10/site-packages/matplotlib/projections/__init__.py:63: UserWarning: Unable to import Axes3D. This may be due to multiple versions of Matplotlib being installed (e.g. as a system package and as a pip package). As a result, the 3D projection is not available.
  warnings.warn("Unable to import Axes3D. This may be due to multiple versions of "
/homes/saha119/.local/lib/python3.10/site-packages/matplotlib/projections/__init__.py:63: UserWarning: Unable to import Axes3D. This may be due to multiple versions of Matplotlib being installed (e.g. as a system package and as a pip package). As a result, the 3D projection is not available.
  warnings.warn("Unable to import Axes3D. This may be due to multiple versions of "
/homes/saha119/.local/lib/python3.10/site-packages/matplotlib/projections/__init__.py:63: UserWarning: Unable to import Axes3D. This may be due to multiple versions of Matplotlib being installed (e.g. as a system package and as a pip package). As a result, the 3D projection is not available.
  warnings.warn("Unable to import Axes3D. This may be due to multiple versions of "
/homes/saha119/.local/lib/python3.10/site-packages/matplotlib/projections/__init__.py:63: UserWarning: Unable to import Axes3D. This may be due to multiple versions of Matplotlib being installed (e.g. as a system package and as a pip package). As a result, the 3D projection is not available.
  warnings.warn("Unable to import Axes3D. This may be due to multiple versions of "
/homes/saha119/.local/lib/python3.10/site-packages/matplotlib/projections/__init__.py:63: UserWarning: Unable to import Axes3D. This may be due to multiple versions of Matplotlib being installed (e.g. as a system package and as a pip package). As a result, the 3D projection is not available.
  warnings.warn("Unable to import Axes3D. This may be due to multiple versions of "
[Rank 0][Ring] Step 0: send/recv took 0.70 ms
[Rank 0][Ring] Step 0: total 0.88 ms
[Rank 0][Ring] Step 1: send/recv took 0.72 ms
[Rank 0][Ring] Step 1: total 0.93 ms
[Rank 0][Ring] Step 2: send/recv took 0.60 ms
[Rank 0][Ring] Step 2: total 0.83 ms
[Rank 0][Ring] Step 0: send/recv took 0.66 ms
[Rank 0][Ring] Step 0: total 0.75 ms
[Rank 0][Ring] Step 1: send/recv took 0.41 ms
[Rank 0][Ring] Step 1: total 0.52 ms
[Rank 0][Ring] Step 2: send/recv took 4.09 ms
[Rank 0][Ring] Step 2: total 4.19 ms
[Rank 0][Ring] Step 0: send/recv took 7.16 ms
[Rank 0][Ring] Step 0: total 7.28 ms
[Rank 0][Ring] Step 1: send/recv took 1.09 ms
[Rank 0][Ring] Step 1: total 1.23 ms
[Rank 0][Ring] Step 2: send/recv took 0.59 ms
[Rank 0][Ring] Step 2: total 0.70 ms
[Rank 0][Ring] Step 0: send/recv took 0.71 ms
[Rank 0][Ring] Step 0: total 0.81 ms
[Rank 0][Ring] Step 1: send/recv took 0.62 ms
[Rank 0][Ring] Step 1: total 0.72 ms
[Rank 0][Ring] Step 2: send/recv took 0.44 ms
[Rank 0][Ring] Step 2: total 0.55 ms
[Rank 1][Ring] Step 0: send/recv took 20.31 ms
[Rank 1][Ring] Step 0: total 20.48 ms
[Rank 1][Ring] Step 1: send/recv took 0.47 ms
[Rank 1][Ring] Step 1: total 0.68 ms
[Rank 1][Ring] Step 2: send/recv took 0.75 ms
[Rank 1][Ring] Step 2: total 0.92 ms
[Rank 1][Ring] Step 0: send/recv took 0.76 ms
[Rank 1][Ring] Step 0: total 0.86 ms
[Rank 1][Ring] Step 1: send/recv took 3.54 ms
[Rank 1][Ring] Step 1: total 3.65 ms
[Rank 1][Ring] Step 2: send/recv took 0.64 ms
[Rank 1][Ring] Step 2: total 0.74 ms
[Rank 1][Ring] Step 0: send/recv took 1.16 ms
[Rank 1][Ring] Step 0: total 1.27 ms
[Rank 1][Ring] Step 1: send/recv took 0.32 ms
[Rank 1][Ring] Step 1: total 0.43 ms
[Rank 1][Ring] Step 2: send/recv took 0.58 ms
[Rank 1][Ring] Step 2: total 0.68 ms
[Rank 1][Ring] Step 0: send/recv took 0.26 ms
[Rank 1][Ring] Step 0: total 0.37 ms
[Rank 1][Ring] Step 1: send/recv took 0.51 ms
[Rank 1][Ring] Step 1: total 0.62 ms
[Rank 1][Ring] Step 2: send/recv took 0.52 ms
[Rank 1][Ring] Step 2: total 0.62 ms
[Rank 3][Ring] Step 0: send/recv took 19.97 ms
[Rank 3][Ring] Step 0: total 20.13 ms
[Rank 3][Ring] Step 1: send/recv took 0.67 ms
[Rank 3][Ring] Step 1: total 0.86 ms
[Rank 3][Ring] Step 2: send/recv took 0.77 ms
[Rank 3][Ring] Step 2: total 0.96 ms
[Rank 3][Ring] Step 0: send/recv took 0.72 ms
[Rank 3][Ring] Step 0: total 0.81 ms
[Rank 3][Ring] Step 1: send/recv took 0.46 ms
[Rank 3][Ring] Step 1: total 0.57 ms
[Rank 3][Ring] Step 2: send/recv took 3.86 ms
[Rank 3][Ring] Step 2: total 3.96 ms
[Rank 3][Ring] Step 0: send/recv took 6.79 ms
[Rank 3][Ring] Step 0: total 6.90 ms
[Rank 3][Ring] Step 1: send/recv took 1.14 ms
[Rank 3][Ring] Step 1: total 1.25 ms
[Rank 3][Ring] Step 2: send/recv took 0.59 ms
[Rank 3][Ring] Step 2: total 0.69 ms
[Rank 3][Ring] Step 0: send/recv took 0.61 ms
[Rank 3][Ring] Step 0: total 0.70 ms
[Rank 3][Ring] Step 1: send/recv took 0.44 ms
[Rank 3][Ring] Step 1: total 0.54 ms
[Rank 3][Ring] Step 2: send/recv took 0.55 ms
[Rank 3][Ring] Step 2: total 0.65 ms
[Rank 2][Ring] Step 0: send/recv took 0.71 ms
[Rank 2][Ring] Step 0: total 0.89 ms
[Rank 2][Ring] Step 1: send/recv took 0.62 ms
[Rank 2][Ring] Step 1: total 0.81 ms
[Rank 2][Ring] Step 2: send/recv took 0.73 ms
[Rank 2][Ring] Step 2: total 0.93 ms
[Rank 2][Ring] Step 0: send/recv took 0.49 ms
[Rank 2][Ring] Step 0: total 0.58 ms
[Rank 2][Ring] Step 1: send/recv took 3.86 ms
[Rank 2][Ring] Step 1: total 3.96 ms
[Rank 2][Ring] Step 2: send/recv took 0.26 ms
[Rank 2][Ring] Step 2: total 0.36 ms
[Rank 2][Ring] Step 0: send/recv took 7.86 ms
[Rank 2][Ring] Step 0: total 7.95 ms
[Rank 2][Ring] Step 1: send/recv took 0.64 ms
[Rank 2][Ring] Step 1: total 0.75 ms
[Rank 2][Ring] Step 2: send/recv took 0.56 ms
[Rank 2][Ring] Step 2: total 0.66 ms
[Rank 2][Ring] Step 0: send/recv took 0.67 ms
[Rank 2][Ring] Step 0: total 0.76 ms
[Rank 2][Ring] Step 1: send/recv took 0.51 ms
[Rank 2][Ring] Step 1: total 0.60 ms
[Rank 2][Ring] Step 2: send/recv took 0.55 ms
[Rank 2][Ring] Step 2: total 0.64 ms
    Ring                  : 2.83 ms
/homes/saha119/.local/lib/python3.10/site-packages/matplotlib/projections/__init__.py:63: UserWarning: Unable to import Axes3D. This may be due to multiple versions of Matplotlib being installed (e.g. as a system package and as a pip package). As a result, the 3D projection is not available.
  warnings.warn("Unable to import Axes3D. This may be due to multiple versions of "
/homes/saha119/.local/lib/python3.10/site-packages/matplotlib/projections/__init__.py:63: UserWarning: Unable to import Axes3D. This may be due to multiple versions of Matplotlib being installed (e.g. as a system package and as a pip package). As a result, the 3D projection is not available.
  warnings.warn("Unable to import Axes3D. This may be due to multiple versions of "
/homes/saha119/.local/lib/python3.10/site-packages/matplotlib/projections/__init__.py:63: UserWarning: Unable to import Axes3D. This may be due to multiple versions of Matplotlib being installed (e.g. as a system package and as a pip package). As a result, the 3D projection is not available.
  warnings.warn("Unable to import Axes3D. This may be due to multiple versions of "
/homes/saha119/.local/lib/python3.10/site-packages/matplotlib/projections/__init__.py:63: UserWarning: Unable to import Axes3D. This may be due to multiple versions of Matplotlib being installed (e.g. as a system package and as a pip package). As a result, the 3D projection is not available.
  warnings.warn("Unable to import Axes3D. This may be due to multiple versions of "
/homes/saha119/.local/lib/python3.10/site-packages/matplotlib/projections/__init__.py:63: UserWarning: Unable to import Axes3D. This may be due to multiple versions of Matplotlib being installed (e.g. as a system package and as a pip package). As a result, the 3D projection is not available.
  warnings.warn("Unable to import Axes3D. This may be due to multiple versions of "
[Rank 0][RecDouble] Step 0: partner=1, send/recv took 0.74 ms
[Rank 0][RecDouble] Step 0: total 0.97 ms
[Rank 0][RecDouble] Step 1: partner=2, send/recv took 0.72 ms
[Rank 0][RecDouble] Step 1: total 0.99 ms
[Rank 0][RecDouble] Step 0: partner=1, send/recv took 0.57 ms
[Rank 0][RecDouble] Step 0: total 0.76 ms
[Rank 0][RecDouble] Step 1: partner=2, send/recv took 0.43 ms
[Rank 0][RecDouble] Step 1: total 0.61 ms
[Rank 0][RecDouble] Step 0: partner=1, send/recv took 0.41 ms
[Rank 0][RecDouble] Step 0: total 0.56 ms
[Rank 0][RecDouble] Step 1: partner=2, send/recv took 0.39 ms
[Rank 0][RecDouble] Step 1: total 0.57 ms
[Rank 0][RecDouble] Step 0: partner=1, send/recv took 0.36 ms
[Rank 0][RecDouble] Step 0: total 0.53 ms
[Rank 0][RecDouble] Step 1: partner=2, send/recv took 0.29 ms
[Rank 0][RecDouble] Step 1: total 0.43 ms
[Rank 2][RecDouble] Step 0: partner=3, send/recv took 0.61 ms
[Rank 2][RecDouble] Step 0: total 0.80 ms
[Rank 2][RecDouble] Step 1: partner=0, send/recv took 19.09 ms
[Rank 2][RecDouble] Step 1: total 19.30 ms
[Rank 2][RecDouble] Step 0: partner=3, send/recv took 0.64 ms
[Rank 2][RecDouble] Step 0: total 0.75 ms
[Rank 2][RecDouble] Step 1: partner=0, send/recv took 0.42 ms
[Rank 2][RecDouble] Step 1: total 0.61 ms
[Rank 2][RecDouble] Step 0: partner=3, send/recv took 0.47 ms
[Rank 2][RecDouble] Step 0: total 0.60 ms
[Rank 2][RecDouble] Step 1: partner=0, send/recv took 0.43 ms
[Rank 2][RecDouble] Step 1: total 0.56 ms
[Rank 2][RecDouble] Step 0: partner=3, send/recv took 0.36 ms
[Rank 2][RecDouble] Step 0: total 0.47 ms
[Rank 2][RecDouble] Step 1: partner=0, send/recv took 0.35 ms
[Rank 2][RecDouble] Step 1: total 0.51 ms
[Rank 1][RecDouble] Step 0: partner=0, send/recv took 19.22 ms
[Rank 1][RecDouble] Step 0: total 19.40 ms
[Rank 1][RecDouble] Step 1: partner=3, send/recv took 0.53 ms
[Rank 1][RecDouble] Step 1: total 0.78 ms
[Rank 1][RecDouble] Step 0: partner=0, send/recv took 0.49 ms
[Rank 1][RecDouble] Step 0: total 0.61 ms
[Rank 1][RecDouble] Step 1: partner=3, send/recv took 0.53 ms
[Rank 1][RecDouble] Step 1: total 0.69 ms
[Rank 1][RecDouble] Step 0: partner=0, send/recv took 0.51 ms
[Rank 1][RecDouble] Step 0: total 0.64 ms
[Rank 1][RecDouble] Step 1: partner=3, send/recv took 0.48 ms
[Rank 1][RecDouble] Step 1: total 0.63 ms
[Rank 1][RecDouble] Step 0: partner=0, send/recv took 0.39 ms
[Rank 1][RecDouble] Step 0: total 0.50 ms
[Rank 1][RecDouble] Step 1: partner=3, send/recv took 0.35 ms
[Rank 1][RecDouble] Step 1: total 0.49 ms
[Rank 3][RecDouble] Step 0: partner=2, send/recv took 0.69 ms
[Rank 3][RecDouble] Step 0: total 0.87 ms
[Rank 3][RecDouble] Step 1: partner=1, send/recv took 18.89 ms
[Rank 3][RecDouble] Step 1: total 19.09 ms
[Rank 3][RecDouble] Step 0: partner=2, send/recv took 0.51 ms
[Rank 3][RecDouble] Step 0: total 0.62 ms
[Rank 3][RecDouble] Step 1: partner=1, send/recv took 0.46 ms
[Rank 3][RecDouble] Step 1: total 0.66 ms
[Rank 3][RecDouble] Step 0: partner=2, send/recv took 0.46 ms
[Rank 3][RecDouble] Step 0: total 0.56 ms
[Rank 3][RecDouble] Step 1: partner=1, send/recv took 0.40 ms
[Rank 3][RecDouble] Step 1: total 0.55 ms
[Rank 3][RecDouble] Step 0: partner=2, send/recv took 0.36 ms
[Rank 3][RecDouble] Step 0: total 0.46 ms
[Rank 3][RecDouble] Step 1: partner=1, send/recv took 0.34 ms
[Rank 3][RecDouble] Step 1: total 0.46 ms
    Recursive Doubling    : 1.72 ms
/homes/saha119/.local/lib/python3.10/site-packages/matplotlib/projections/__init__.py:63: UserWarning: Unable to import Axes3D. This may be due to multiple versions of Matplotlib being installed (e.g. as a system package and as a pip package). As a result, the 3D projection is not available.
  warnings.warn("Unable to import Axes3D. This may be due to multiple versions of "
/homes/saha119/.local/lib/python3.10/site-packages/matplotlib/projections/__init__.py:63: UserWarning: Unable to import Axes3D. This may be due to multiple versions of Matplotlib being installed (e.g. as a system package and as a pip package). As a result, the 3D projection is not available.
  warnings.warn("Unable to import Axes3D. This may be due to multiple versions of "
/homes/saha119/.local/lib/python3.10/site-packages/matplotlib/projections/__init__.py:63: UserWarning: Unable to import Axes3D. This may be due to multiple versions of Matplotlib being installed (e.g. as a system package and as a pip package). As a result, the 3D projection is not available.
  warnings.warn("Unable to import Axes3D. This may be due to multiple versions of "
/homes/saha119/.local/lib/python3.10/site-packages/matplotlib/projections/__init__.py:63: UserWarning: Unable to import Axes3D. This may be due to multiple versions of Matplotlib being installed (e.g. as a system package and as a pip package). As a result, the 3D projection is not available.
  warnings.warn("Unable to import Axes3D. This may be due to multiple versions of "
/homes/saha119/.local/lib/python3.10/site-packages/matplotlib/projections/__init__.py:63: UserWarning: Unable to import Axes3D. This may be due to multiple versions of Matplotlib being installed (e.g. as a system package and as a pip package). As a result, the 3D projection is not available.
  warnings.warn("Unable to import Axes3D. This may be due to multiple versions of "
[Rank 0][Swing] Step 0: partner=1, send/recv took 0.52 ms
[Rank 0][Swing] Step 0: total 0.63 ms
[Rank 0][Swing] Step 1: partner=2, send/recv took 0.54 ms
[Rank 0][Swing] Step 1: total 0.65 ms
[Rank 0][Swing] Step 0: partner=1, send/recv took 0.51 ms
[Rank 0][Swing] Step 0: total 0.60 ms
[Rank 0][Swing] Step 1: partner=2, send/recv took 0.37 ms
[Rank 0][Swing] Step 1: total 0.47 ms
[Rank 0][Swing] Step 0: partner=1, send/recv took 0.36 ms
[Rank 0][Swing] Step 0: total 0.45 ms
[Rank 0][Swing] Step 1: partner=2, send/recv took 0.34 ms
[Rank 0][Swing] Step 1: total 0.44 ms
[Rank 0][Swing] Step 0: partner=1, send/recv took 0.28 ms
[Rank 0][Swing] Step 0: total 0.36 ms
[Rank 0][Swing] Step 1: partner=2, send/recv took 0.25 ms
[Rank 0][Swing] Step 1: total 0.34 ms
[Rank 1][Swing] Step 0: partner=0, send/recv took 17.81 ms
[Rank 1][Swing] Step 0: total 17.94 ms
[Rank 1][Swing] Step 1: partner=3, send/recv took 0.54 ms
[Rank 1][Swing] Step 1: total 0.67 ms
[Rank 1][Swing] Step 0: partner=0, send/recv took 0.33 ms
[Rank 1][Swing] Step 0: total 0.43 ms
[Rank 1][Swing] Step 1: partner=3, send/recv took 0.41 ms
[Rank 1][Swing] Step 1: total 0.51 ms
[Rank 1][Swing] Step 0: partner=0, send/recv took 0.26 ms
[Rank 1][Swing] Step 0: total 0.34 ms
[Rank 1][Swing] Step 1: partner=3, send/recv took 0.36 ms
[Rank 1][Swing] Step 1: total 0.46 ms
[Rank 1][Swing] Step 0: partner=0, send/recv took 0.30 ms
[Rank 1][Swing] Step 0: total 0.38 ms
[Rank 1][Swing] Step 1: partner=3, send/recv took 0.31 ms
[Rank 1][Swing] Step 1: total 0.41 ms
[Rank 3][Swing] Step 0: partner=2, send/recv took 0.56 ms
[Rank 3][Swing] Step 0: total 0.68 ms
[Rank 3][Swing] Step 1: partner=1, send/recv took 0.48 ms
[Rank 3][Swing] Step 1: total 0.61 ms
[Rank 3][Swing] Step 0: partner=2, send/recv took 0.38 ms
[Rank 3][Swing] Step 0: total 0.49 ms
[Rank 3][Swing] Step 1: partner=1, send/recv took 0.28 ms
[Rank 3][Swing] Step 1: total 0.41 ms
[Rank 3][Swing] Step 0: partner=2, send/recv took 0.30 ms
[Rank 3][Swing] Step 0: total 0.38 ms
[Rank 3][Swing] Step 1: partner=1, send/recv took 0.25 ms
[Rank 3][Swing] Step 1: total 0.36 ms
[Rank 3][Swing] Step 0: partner=2, send/recv took 0.32 ms
[Rank 3][Swing] Step 0: total 0.40 ms
[Rank 3][Swing] Step 1: partner=1, send/recv took 0.28 ms
[Rank 3][Swing] Step 1: total 0.37 ms
[Rank 2][Swing] Step 0: partner=3, send/recv took 17.82 ms
[Rank 2][Swing] Step 0: total 17.93 ms
[Rank 2][Swing] Step 1: partner=0, send/recv took 0.39 ms
[Rank 2][Swing] Step 1: total 0.52 ms
[Rank 2][Swing] Step 0: partner=3, send/recv took 0.45 ms
[Rank 2][Swing] Step 0: total 0.55 ms
[Rank 2][Swing] Step 1: partner=0, send/recv took 0.38 ms
[Rank 2][Swing] Step 1: total 0.50 ms
[Rank 2][Swing] Step 0: partner=3, send/recv took 0.46 ms
[Rank 2][Swing] Step 0: total 0.54 ms
[Rank 2][Swing] Step 1: partner=0, send/recv took 0.23 ms
[Rank 2][Swing] Step 1: total 0.33 ms
[Rank 2][Swing] Step 0: partner=3, send/recv took 0.30 ms
[Rank 2][Swing] Step 0: total 0.38 ms
[Rank 2][Swing] Step 1: partner=0, send/recv took 0.24 ms
[Rank 2][Swing] Step 1: total 0.33 ms
    Swing                 : 1.37 ms
  Message size: 0.01 MB
/homes/saha119/.local/lib/python3.10/site-packages/matplotlib/projections/__init__.py:63: UserWarning: Unable to import Axes3D. This may be due to multiple versions of Matplotlib being installed (e.g. as a system package and as a pip package). As a result, the 3D projection is not available.
  warnings.warn("Unable to import Axes3D. This may be due to multiple versions of "
/homes/saha119/.local/lib/python3.10/site-packages/matplotlib/projections/__init__.py:63: UserWarning: Unable to import Axes3D. This may be due to multiple versions of Matplotlib being installed (e.g. as a system package and as a pip package). As a result, the 3D projection is not available.
  warnings.warn("Unable to import Axes3D. This may be due to multiple versions of "
/homes/saha119/.local/lib/python3.10/site-packages/matplotlib/projections/__init__.py:63: UserWarning: Unable to import Axes3D. This may be due to multiple versions of Matplotlib being installed (e.g. as a system package and as a pip package). As a result, the 3D projection is not available.
  warnings.warn("Unable to import Axes3D. This may be due to multiple versions of "
/homes/saha119/.local/lib/python3.10/site-packages/matplotlib/projections/__init__.py:63: UserWarning: Unable to import Axes3D. This may be due to multiple versions of Matplotlib being installed (e.g. as a system package and as a pip package). As a result, the 3D projection is not available.
  warnings.warn("Unable to import Axes3D. This may be due to multiple versions of "
/homes/saha119/.local/lib/python3.10/site-packages/matplotlib/projections/__init__.py:63: UserWarning: Unable to import Axes3D. This may be due to multiple versions of Matplotlib being installed (e.g. as a system package and as a pip package). As a result, the 3D projection is not available.
  warnings.warn("Unable to import Axes3D. This may be due to multiple versions of "
[Rank 0][Ring] Step 0: send/recv took 0.75 ms
[Rank 0][Ring] Step 0: total 1.01 ms
[Rank 0][Ring] Step 1: send/recv took 0.70 ms
[Rank 0][Ring] Step 1: total 0.93 ms
[Rank 0][Ring] Step 2: send/recv took 0.43 ms
[Rank 0][Ring] Step 2: total 0.60 ms
[Rank 0][Ring] Step 0: send/recv took 0.46 ms
[Rank 0][Ring] Step 0: total 0.55 ms
[Rank 0][Ring] Step 1: send/recv took 0.30 ms
[Rank 0][Ring] Step 1: total 0.42 ms
[Rank 0][Ring] Step 2: send/recv took 0.46 ms
[Rank 0][Ring] Step 2: total 0.58 ms
[Rank 0][Ring] Step 0: send/recv took 0.50 ms
[Rank 0][Ring] Step 0: total 0.61 ms
[Rank 0][Ring] Step 1: send/recv took 0.37 ms
[Rank 0][Ring] Step 1: total 0.48 ms
[Rank 0][Ring] Step 2: send/recv took 0.36 ms
[Rank 0][Ring] Step 2: total 0.47 ms
[Rank 0][Ring] Step 0: send/recv took 0.44 ms
[Rank 0][Ring] Step 0: total 0.54 ms
[Rank 0][Ring] Step 1: send/recv took 0.32 ms
[Rank 0][Ring] Step 1: total 0.44 ms
[Rank 0][Ring] Step 2: send/recv took 0.30 ms
[Rank 0][Ring] Step 2: total 0.40 ms
[Rank 1][Ring] Step 0: send/recv took 4.75 ms
[Rank 1][Ring] Step 0: total 4.95 ms
[Rank 1][Ring] Step 1: send/recv took 0.66 ms
[Rank 1][Ring] Step 1: total 0.84 ms
[Rank 1][Ring] Step 2: send/recv took 0.45 ms
[Rank 1][Ring] Step 2: total 0.78 ms
[Rank 1][Ring] Step 0: send/recv took 0.31 ms
[Rank 1][Ring] Step 0: total 0.40 ms
[Rank 1][Ring] Step 1: send/recv took 0.31 ms
[Rank 1][Ring] Step 1: total 0.46 ms
[Rank 1][Ring] Step 2: send/recv took 0.44 ms
[Rank 1][Ring] Step 2: total 0.58 ms
[Rank 1][Ring] Step 0: send/recv took 0.28 ms
[Rank 1][Ring] Step 0: total 0.38 ms
[Rank 1][Ring] Step 1: send/recv took 0.38 ms
[Rank 1][Ring] Step 1: total 0.52 ms
[Rank 1][Ring] Step 2: send/recv took 0.37 ms
[Rank 1][Ring] Step 2: total 0.49 ms
[Rank 1][Ring] Step 0: send/recv took 0.38 ms
[Rank 1][Ring] Step 0: total 0.49 ms
[Rank 1][Ring] Step 1: send/recv took 0.33 ms
[Rank 1][Ring] Step 1: total 0.44 ms
[Rank 1][Ring] Step 2: send/recv took 0.32 ms
[Rank 1][Ring] Step 2: total 0.42 ms
[Rank 3][Ring] Step 0: send/recv took 23.08 ms
[Rank 3][Ring] Step 0: total 23.33 ms
[Rank 3][Ring] Step 1: send/recv took 0.78 ms
[Rank 3][Ring] Step 1: total 0.97 ms
[Rank 3][Ring] Step 2: send/recv took 0.46 ms
[Rank 3][Ring] Step 2: total 0.62 ms
[Rank 3][Ring] Step 0: send/recv took 0.31 ms
[Rank 3][Ring] Step 0: total 0.40 ms
[Rank 3][Ring] Step 1: send/recv took 0.29 ms
[Rank 3][Ring] Step 1: total 0.42 ms
[Rank 3][Ring] Step 2: send/recv took 0.47 ms
[Rank 3][Ring] Step 2: total 0.58 ms
[Rank 3][Ring] Step 0: send/recv took 0.42 ms
[Rank 3][Ring] Step 0: total 0.51 ms
[Rank 3][Ring] Step 1: send/recv took 0.35 ms
[Rank 3][Ring] Step 1: total 0.46 ms
[Rank 3][Ring] Step 2: send/recv took 0.38 ms
[Rank 3][Ring] Step 2: total 0.48 ms
[Rank 3][Ring] Step 0: send/recv took 0.33 ms
[Rank 3][Ring] Step 0: total 0.48 ms
[Rank 3][Ring] Step 1: send/recv took 0.29 ms
[Rank 3][Ring] Step 1: total 0.41 ms
[Rank 3][Ring] Step 2: send/recv took 0.31 ms
[Rank 3][Ring] Step 2: total 0.41 ms
[Rank 2][Ring] Step 0: send/recv took 23.12 ms
[Rank 2][Ring] Step 0: total 23.32 ms
[Rank 2][Ring] Step 1: send/recv took 0.69 ms
[Rank 2][Ring] Step 1: total 0.92 ms
[Rank 2][Ring] Step 2: send/recv took 0.52 ms
[Rank 2][Ring] Step 2: total 0.70 ms
[Rank 2][Ring] Step 0: send/recv took 0.44 ms
[Rank 2][Ring] Step 0: total 0.54 ms
[Rank 2][Ring] Step 1: send/recv took 0.31 ms
[Rank 2][Ring] Step 1: total 0.45 ms
[Rank 2][Ring] Step 2: send/recv took 0.41 ms
[Rank 2][Ring] Step 2: total 0.54 ms
[Rank 2][Ring] Step 0: send/recv took 0.44 ms
[Rank 2][Ring] Step 0: total 0.54 ms
[Rank 2][Ring] Step 1: send/recv took 0.36 ms
[Rank 2][Ring] Step 1: total 0.49 ms
[Rank 2][Ring] Step 2: send/recv took 0.37 ms
[Rank 2][Ring] Step 2: total 0.50 ms
[Rank 2][Ring] Step 0: send/recv took 0.37 ms
[Rank 2][Ring] Step 0: total 0.51 ms
[Rank 2][Ring] Step 1: send/recv took 0.30 ms
[Rank 2][Ring] Step 1: total 0.42 ms
[Rank 2][Ring] Step 2: send/recv took 0.30 ms
[Rank 2][Ring] Step 2: total 0.42 ms
    Ring                  : 1.91 ms
/homes/saha119/.local/lib/python3.10/site-packages/matplotlib/projections/__init__.py:63: UserWarning: Unable to import Axes3D. This may be due to multiple versions of Matplotlib being installed (e.g. as a system package and as a pip package). As a result, the 3D projection is not available.
  warnings.warn("Unable to import Axes3D. This may be due to multiple versions of "
/homes/saha119/.local/lib/python3.10/site-packages/matplotlib/projections/__init__.py:63: UserWarning: Unable to import Axes3D. This may be due to multiple versions of Matplotlib being installed (e.g. as a system package and as a pip package). As a result, the 3D projection is not available.
  warnings.warn("Unable to import Axes3D. This may be due to multiple versions of "
/homes/saha119/.local/lib/python3.10/site-packages/matplotlib/projections/__init__.py:63: UserWarning: Unable to import Axes3D. This may be due to multiple versions of Matplotlib being installed (e.g. as a system package and as a pip package). As a result, the 3D projection is not available.
  warnings.warn("Unable to import Axes3D. This may be due to multiple versions of "
/homes/saha119/.local/lib/python3.10/site-packages/matplotlib/projections/__init__.py:63: UserWarning: Unable to import Axes3D. This may be due to multiple versions of Matplotlib being installed (e.g. as a system package and as a pip package). As a result, the 3D projection is not available.
  warnings.warn("Unable to import Axes3D. This may be due to multiple versions of "
/homes/saha119/.local/lib/python3.10/site-packages/matplotlib/projections/__init__.py:63: UserWarning: Unable to import Axes3D. This may be due to multiple versions of Matplotlib being installed (e.g. as a system package and as a pip package). As a result, the 3D projection is not available.
  warnings.warn("Unable to import Axes3D. This may be due to multiple versions of "
[Rank 0][RecDouble] Step 0: partner=1, send/recv took 0.61 ms
[Rank 0][RecDouble] Step 0: total 0.75 ms
[Rank 0][RecDouble] Step 1: partner=2, send/recv took 0.39 ms
[Rank 0][RecDouble] Step 1: total 0.52 ms
[Rank 0][RecDouble] Step 0: partner=1, send/recv took 0.33 ms
[Rank 0][RecDouble] Step 0: total 0.44 ms
[Rank 0][RecDouble] Step 1: partner=2, send/recv took 0.37 ms
[Rank 0][RecDouble] Step 1: total 0.51 ms
[Rank 0][RecDouble] Step 0: partner=1, send/recv took 0.35 ms
[Rank 0][RecDouble] Step 0: total 0.45 ms
[Rank 0][RecDouble] Step 1: partner=2, send/recv took 0.28 ms
[Rank 0][RecDouble] Step 1: total 0.40 ms
[Rank 0][RecDouble] Step 0: partner=1, send/recv took 0.23 ms
[Rank 0][RecDouble] Step 0: total 0.33 ms
[Rank 0][RecDouble] Step 1: partner=2, send/recv took 0.43 ms
[Rank 0][RecDouble] Step 1: total 0.58 ms
[Rank 2][RecDouble] Step 0: partner=3, send/recv took 0.55 ms
[Rank 2][RecDouble] Step 0: total 0.73 ms
[Rank 2][RecDouble] Step 1: partner=0, send/recv took 0.38 ms
[Rank 2][RecDouble] Step 1: total 0.53 ms
[Rank 2][RecDouble] Step 0: partner=3, send/recv took 0.37 ms
[Rank 2][RecDouble] Step 0: total 0.49 ms
[Rank 2][RecDouble] Step 1: partner=0, send/recv took 0.26 ms
[Rank 2][RecDouble] Step 1: total 0.40 ms
[Rank 2][RecDouble] Step 0: partner=3, send/recv took 0.37 ms
[Rank 2][RecDouble] Step 0: total 0.49 ms
[Rank 2][RecDouble] Step 1: partner=0, send/recv took 0.24 ms
[Rank 2][RecDouble] Step 1: total 0.41 ms
[Rank 2][RecDouble] Step 0: partner=3, send/recv took 0.32 ms
[Rank 2][RecDouble] Step 0: total 0.42 ms
[Rank 2][RecDouble] Step 1: partner=0, send/recv took 0.27 ms
[Rank 2][RecDouble] Step 1: total 0.40 ms
[Rank 1][RecDouble] Step 0: partner=0, send/recv took 19.62 ms
[Rank 1][RecDouble] Step 0: total 19.83 ms
[Rank 1][RecDouble] Step 1: partner=3, send/recv took 0.42 ms
[Rank 1][RecDouble] Step 1: total 0.61 ms
[Rank 1][RecDouble] Step 0: partner=0, send/recv took 0.37 ms
[Rank 1][RecDouble] Step 0: total 0.50 ms
[Rank 1][RecDouble] Step 1: partner=3, send/recv took 0.37 ms
[Rank 1][RecDouble] Step 1: total 0.48 ms
[Rank 1][RecDouble] Step 0: partner=0, send/recv took 0.25 ms
[Rank 1][RecDouble] Step 0: total 0.38 ms
[Rank 1][RecDouble] Step 1: partner=3, send/recv took 0.28 ms
[Rank 1][RecDouble] Step 1: total 0.41 ms
[Rank 1][RecDouble] Step 0: partner=0, send/recv took 0.33 ms
[Rank 1][RecDouble] Step 0: total 0.42 ms
[Rank 1][RecDouble] Step 1: partner=3, send/recv took 0.44 ms
[Rank 1][RecDouble] Step 1: total 0.59 ms
[Rank 3][RecDouble] Step 0: partner=2, send/recv took 0.53 ms
[Rank 3][RecDouble] Step 0: total 0.71 ms
[Rank 3][RecDouble] Step 1: partner=1, send/recv took 0.51 ms
[Rank 3][RecDouble] Step 1: total 0.66 ms
[Rank 3][RecDouble] Step 0: partner=2, send/recv took 0.36 ms
[Rank 3][RecDouble] Step 0: total 0.48 ms
[Rank 3][RecDouble] Step 1: partner=1, send/recv took 0.31 ms
[Rank 3][RecDouble] Step 1: total 0.44 ms
[Rank 3][RecDouble] Step 0: partner=2, send/recv took 0.30 ms
[Rank 3][RecDouble] Step 0: total 0.40 ms
[Rank 3][RecDouble] Step 1: partner=1, send/recv took 0.26 ms
[Rank 3][RecDouble] Step 1: total 0.38 ms
[Rank 3][RecDouble] Step 0: partner=2, send/recv took 0.41 ms
[Rank 3][RecDouble] Step 0: total 0.52 ms
[Rank 3][RecDouble] Step 1: partner=1, send/recv took 0.27 ms
[Rank 3][RecDouble] Step 1: total 0.40 ms
    Recursive Doubling    : 1.94 ms
/homes/saha119/.local/lib/python3.10/site-packages/matplotlib/projections/__init__.py:63: UserWarning: Unable to import Axes3D. This may be due to multiple versions of Matplotlib being installed (e.g. as a system package and as a pip package). As a result, the 3D projection is not available.
  warnings.warn("Unable to import Axes3D. This may be due to multiple versions of "
/homes/saha119/.local/lib/python3.10/site-packages/matplotlib/projections/__init__.py:63: UserWarning: Unable to import Axes3D. This may be due to multiple versions of Matplotlib being installed (e.g. as a system package and as a pip package). As a result, the 3D projection is not available.
  warnings.warn("Unable to import Axes3D. This may be due to multiple versions of "
/homes/saha119/.local/lib/python3.10/site-packages/matplotlib/projections/__init__.py:63: UserWarning: Unable to import Axes3D. This may be due to multiple versions of Matplotlib being installed (e.g. as a system package and as a pip package). As a result, the 3D projection is not available.
  warnings.warn("Unable to import Axes3D. This may be due to multiple versions of "
/homes/saha119/.local/lib/python3.10/site-packages/matplotlib/projections/__init__.py:63: UserWarning: Unable to import Axes3D. This may be due to multiple versions of Matplotlib being installed (e.g. as a system package and as a pip package). As a result, the 3D projection is not available.
  warnings.warn("Unable to import Axes3D. This may be due to multiple versions of "
/homes/saha119/.local/lib/python3.10/site-packages/matplotlib/projections/__init__.py:63: UserWarning: Unable to import Axes3D. This may be due to multiple versions of Matplotlib being installed (e.g. as a system package and as a pip package). As a result, the 3D projection is not available.
  warnings.warn("Unable to import Axes3D. This may be due to multiple versions of "
[Rank 0][Swing] Step 0: partner=1, send/recv took 19.79 ms
[Rank 0][Swing] Step 0: total 20.00 ms
[Rank 0][Swing] Step 1: partner=2, send/recv took 0.47 ms
[Rank 0][Swing] Step 1: total 0.64 ms
[Rank 0][Swing] Step 0: partner=1, send/recv took 0.41 ms
[Rank 0][Swing] Step 0: total 0.52 ms
[Rank 0][Swing] Step 1: partner=2, send/recv took 0.26 ms
[Rank 0][Swing] Step 1: total 0.38 ms
[Rank 0][Swing] Step 0: partner=1, send/recv took 0.43 ms
[Rank 0][Swing] Step 0: total 0.52 ms
[Rank 0][Swing] Step 1: partner=2, send/recv took 0.33 ms
[Rank 0][Swing] Step 1: total 0.47 ms
[Rank 0][Swing] Step 0: partner=1, send/recv took 0.25 ms
[Rank 0][Swing] Step 0: total 0.34 ms
[Rank 0][Swing] Step 1: partner=2, send/recv took 0.60 ms
[Rank 0][Swing] Step 1: total 0.72 ms
[Rank 3][Swing] Step 0: partner=2, send/recv took 1.06 ms
[Rank 3][Swing] Step 0: total 1.21 ms
[Rank 3][Swing] Step 1: partner=1, send/recv took 19.55 ms
[Rank 3][Swing] Step 1: total 19.75 ms
[Rank 3][Swing] Step 0: partner=2, send/recv took 0.35 ms
[Rank 3][Swing] Step 0: total 0.45 ms
[Rank 3][Swing] Step 1: partner=1, send/recv took 0.34 ms
[Rank 3][Swing] Step 1: total 0.47 ms
[Rank 3][Swing] Step 0: partner=2, send/recv took 0.31 ms
[Rank 3][Swing] Step 0: total 0.40 ms
[Rank 3][Swing] Step 1: partner=1, send/recv took 0.50 ms
[Rank 3][Swing] Step 1: total 0.61 ms
[Rank 3][Swing] Step 0: partner=2, send/recv took 0.56 ms
[Rank 3][Swing] Step 0: total 0.64 ms
[Rank 3][Swing] Step 1: partner=1, send/recv took 0.29 ms
[Rank 3][Swing] Step 1: total 0.38 ms
[Rank 1][Swing] Step 0: partner=0, send/recv took 0.57 ms
[Rank 1][Swing] Step 0: total 0.73 ms
[Rank 1][Swing] Step 1: partner=3, send/recv took 0.44 ms
[Rank 1][Swing] Step 1: total 0.59 ms
[Rank 1][Swing] Step 0: partner=0, send/recv took 0.34 ms
[Rank 1][Swing] Step 0: total 0.48 ms
[Rank 1][Swing] Step 1: partner=3, send/recv took 0.32 ms
[Rank 1][Swing] Step 1: total 0.46 ms
[Rank 1][Swing] Step 0: partner=0, send/recv took 0.32 ms
[Rank 1][Swing] Step 0: total 0.46 ms
[Rank 1][Swing] Step 1: partner=3, send/recv took 0.29 ms
[Rank 1][Swing] Step 1: total 0.51 ms
[Rank 1][Swing] Step 0: partner=0, send/recv took 0.32 ms
[Rank 1][Swing] Step 0: total 0.47 ms
[Rank 1][Swing] Step 1: partner=3, send/recv took 0.30 ms
[Rank 1][Swing] Step 1: total 0.49 ms
[Rank 2][Swing] Step 0: partner=3, send/recv took 0.48 ms
[Rank 2][Swing] Step 0: total 0.63 ms
[Rank 2][Swing] Step 1: partner=0, send/recv took 19.71 ms
[Rank 2][Swing] Step 1: total 19.89 ms
[Rank 2][Swing] Step 0: partner=3, send/recv took 0.35 ms
[Rank 2][Swing] Step 0: total 0.44 ms
[Rank 2][Swing] Step 1: partner=0, send/recv took 0.33 ms
[Rank 2][Swing] Step 1: total 0.45 ms
[Rank 2][Swing] Step 0: partner=3, send/recv took 0.32 ms
[Rank 2][Swing] Step 0: total 0.45 ms
[Rank 2][Swing] Step 1: partner=0, send/recv took 0.28 ms
[Rank 2][Swing] Step 1: total 0.43 ms
[Rank 2][Swing] Step 0: partner=3, send/recv took 0.31 ms
[Rank 2][Swing] Step 0: total 0.45 ms
[Rank 2][Swing] Step 1: partner=0, send/recv took 0.30 ms
[Rank 2][Swing] Step 1: total 0.44 ms
    Swing                 : 1.58 ms
  Message size: 0.02 MB
/homes/saha119/.local/lib/python3.10/site-packages/matplotlib/projections/__init__.py:63: UserWarning: Unable to import Axes3D. This may be due to multiple versions of Matplotlib being installed (e.g. as a system package and as a pip package). As a result, the 3D projection is not available.
  warnings.warn("Unable to import Axes3D. This may be due to multiple versions of "
/homes/saha119/.local/lib/python3.10/site-packages/matplotlib/projections/__init__.py:63: UserWarning: Unable to import Axes3D. This may be due to multiple versions of Matplotlib being installed (e.g. as a system package and as a pip package). As a result, the 3D projection is not available.
  warnings.warn("Unable to import Axes3D. This may be due to multiple versions of "
/homes/saha119/.local/lib/python3.10/site-packages/matplotlib/projections/__init__.py:63: UserWarning: Unable to import Axes3D. This may be due to multiple versions of Matplotlib being installed (e.g. as a system package and as a pip package). As a result, the 3D projection is not available.
  warnings.warn("Unable to import Axes3D. This may be due to multiple versions of "
/homes/saha119/.local/lib/python3.10/site-packages/matplotlib/projections/__init__.py:63: UserWarning: Unable to import Axes3D. This may be due to multiple versions of Matplotlib being installed (e.g. as a system package and as a pip package). As a result, the 3D projection is not available.
  warnings.warn("Unable to import Axes3D. This may be due to multiple versions of "
/homes/saha119/.local/lib/python3.10/site-packages/matplotlib/projections/__init__.py:63: UserWarning: Unable to import Axes3D. This may be due to multiple versions of Matplotlib being installed (e.g. as a system package and as a pip package). As a result, the 3D projection is not available.
  warnings.warn("Unable to import Axes3D. This may be due to multiple versions of "
[Rank 0][Ring] Step 0: send/recv took 8.45 ms
[Rank 0][Ring] Step 0: total 8.65 ms
[Rank 0][Ring] Step 1: send/recv took 0.53 ms
[Rank 0][Ring] Step 1: total 0.68 ms
[Rank 0][Ring] Step 2: send/recv took 0.35 ms
[Rank 0][Ring] Step 2: total 0.51 ms
[Rank 0][Ring] Step 0: send/recv took 0.36 ms
[Rank 0][Ring] Step 0: total 0.45 ms
[Rank 0][Ring] Step 1: send/recv took 0.40 ms
[Rank 0][Ring] Step 1: total 0.52 ms
[Rank 0][Ring] Step 2: send/recv took 0.48 ms
[Rank 0][Ring] Step 2: total 0.57 ms
[Rank 0][Ring] Step 0: send/recv took 0.48 ms
[Rank 0][Ring] Step 0: total 0.57 ms
[Rank 0][Ring] Step 1: send/recv took 0.36 ms
[Rank 0][Ring] Step 1: total 0.45 ms
[Rank 0][Ring] Step 2: send/recv took 0.26 ms
[Rank 0][Ring] Step 2: total 0.36 ms
[Rank 0][Ring] Step 0: send/recv took 0.35 ms
[Rank 0][Ring] Step 0: total 0.45 ms
[Rank 0][Ring] Step 1: send/recv took 0.33 ms
[Rank 0][Ring] Step 1: total 0.43 ms
[Rank 0][Ring] Step 2: send/recv took 0.25 ms
[Rank 0][Ring] Step 2: total 0.33 ms
[Rank 1][Ring] Step 0: send/recv took 0.53 ms
[Rank 1][Ring] Step 0: total 0.71 ms
[Rank 1][Ring] Step 1: send/recv took 0.55 ms
[Rank 1][Ring] Step 1: total 0.70 ms
[Rank 1][Ring] Step 2: send/recv took 0.58 ms
[Rank 1][Ring] Step 2: total 0.71 ms
[Rank 1][Ring] Step 0: send/recv took 0.47 ms
[Rank 1][Ring] Step 0: total 0.57 ms
[Rank 1][Ring] Step 1: send/recv took 0.33 ms
[Rank 1][Ring] Step 1: total 0.45 ms
[Rank 1][Ring] Step 2: send/recv took 0.62 ms
[Rank 1][Ring] Step 2: total 0.71 ms
[Rank 1][Ring] Step 0: send/recv took 0.38 ms
[Rank 1][Ring] Step 0: total 0.46 ms
[Rank 1][Ring] Step 1: send/recv took 0.33 ms
[Rank 1][Ring] Step 1: total 0.45 ms
[Rank 1][Ring] Step 2: send/recv took 0.32 ms
[Rank 1][Ring] Step 2: total 0.42 ms
[Rank 1][Ring] Step 0: send/recv took 0.29 ms
[Rank 1][Ring] Step 0: total 0.40 ms
[Rank 1][Ring] Step 1: send/recv took 0.30 ms
[Rank 1][Ring] Step 1: total 0.41 ms
[Rank 1][Ring] Step 2: send/recv took 0.29 ms
[Rank 1][Ring] Step 2: total 0.37 ms
[Rank 3][Ring] Step 0: send/recv took 4.72 ms
[Rank 3][Ring] Step 0: total 4.87 ms
[Rank 3][Ring] Step 1: send/recv took 0.46 ms
[Rank 3][Ring] Step 1: total 0.64 ms
[Rank 3][Ring] Step 2: send/recv took 0.40 ms
[Rank 3][Ring] Step 2: total 0.53 ms
[Rank 3][Ring] Step 0: send/recv took 0.45 ms
[Rank 3][Ring] Step 0: total 0.55 ms
[Rank 3][Ring] Step 1: send/recv took 0.39 ms
[Rank 3][Ring] Step 1: total 0.53 ms
[Rank 3][Ring] Step 2: send/recv took 0.48 ms
[Rank 3][Ring] Step 2: total 0.60 ms
[Rank 3][Ring] Step 0: send/recv took 0.34 ms
[Rank 3][Ring] Step 0: total 0.48 ms
[Rank 3][Ring] Step 1: send/recv took 0.31 ms
[Rank 3][Ring] Step 1: total 0.46 ms
[Rank 3][Ring] Step 2: send/recv took 0.27 ms
[Rank 3][Ring] Step 2: total 0.37 ms
[Rank 3][Ring] Step 0: send/recv took 0.28 ms
[Rank 3][Ring] Step 0: total 0.38 ms
[Rank 3][Ring] Step 1: send/recv took 0.32 ms
[Rank 3][Ring] Step 1: total 0.44 ms
[Rank 3][Ring] Step 2: send/recv took 0.22 ms
[Rank 3][Ring] Step 2: total 0.32 ms
[Rank 2][Ring] Step 0: send/recv took 4.69 ms
[Rank 2][Ring] Step 0: total 4.84 ms
[Rank 2][Ring] Step 1: send/recv took 0.48 ms
[Rank 2][Ring] Step 1: total 0.66 ms
[Rank 2][Ring] Step 2: send/recv took 0.59 ms
[Rank 2][Ring] Step 2: total 0.71 ms
[Rank 2][Ring] Step 0: send/recv took 0.49 ms
[Rank 2][Ring] Step 0: total 0.58 ms
[Rank 2][Ring] Step 1: send/recv took 0.37 ms
[Rank 2][Ring] Step 1: total 0.49 ms
[Rank 2][Ring] Step 2: send/recv took 0.51 ms
[Rank 2][Ring] Step 2: total 0.63 ms
[Rank 2][Ring] Step 0: send/recv took 0.47 ms
[Rank 2][Ring] Step 0: total 0.54 ms
[Rank 2][Ring] Step 1: send/recv took 0.38 ms
[Rank 2][Ring] Step 1: total 0.46 ms
[Rank 2][Ring] Step 2: send/recv took 0.33 ms
[Rank 2][Ring] Step 2: total 0.42 ms
[Rank 2][Ring] Step 0: send/recv took 0.28 ms
[Rank 2][Ring] Step 0: total 0.38 ms
[Rank 2][Ring] Step 1: send/recv took 0.33 ms
[Rank 2][Ring] Step 1: total 0.42 ms
[Rank 2][Ring] Step 2: send/recv took 0.30 ms
[Rank 2][Ring] Step 2: total 0.38 ms
    Ring                  : 1.90 ms
/homes/saha119/.local/lib/python3.10/site-packages/matplotlib/projections/__init__.py:63: UserWarning: Unable to import Axes3D. This may be due to multiple versions of Matplotlib being installed (e.g. as a system package and as a pip package). As a result, the 3D projection is not available.
  warnings.warn("Unable to import Axes3D. This may be due to multiple versions of "
/homes/saha119/.local/lib/python3.10/site-packages/matplotlib/projections/__init__.py:63: UserWarning: Unable to import Axes3D. This may be due to multiple versions of Matplotlib being installed (e.g. as a system package and as a pip package). As a result, the 3D projection is not available.
  warnings.warn("Unable to import Axes3D. This may be due to multiple versions of "
/homes/saha119/.local/lib/python3.10/site-packages/matplotlib/projections/__init__.py:63: UserWarning: Unable to import Axes3D. This may be due to multiple versions of Matplotlib being installed (e.g. as a system package and as a pip package). As a result, the 3D projection is not available.
  warnings.warn("Unable to import Axes3D. This may be due to multiple versions of "
/homes/saha119/.local/lib/python3.10/site-packages/matplotlib/projections/__init__.py:63: UserWarning: Unable to import Axes3D. This may be due to multiple versions of Matplotlib being installed (e.g. as a system package and as a pip package). As a result, the 3D projection is not available.
  warnings.warn("Unable to import Axes3D. This may be due to multiple versions of "
/homes/saha119/.local/lib/python3.10/site-packages/matplotlib/projections/__init__.py:63: UserWarning: Unable to import Axes3D. This may be due to multiple versions of Matplotlib being installed (e.g. as a system package and as a pip package). As a result, the 3D projection is not available.
  warnings.warn("Unable to import Axes3D. This may be due to multiple versions of "
[Rank 0][RecDouble] Step 0: partner=1, send/recv took 0.51 ms
[Rank 0][RecDouble] Step 0: total 0.65 ms
[Rank 0][RecDouble] Step 1: partner=2, send/recv took 0.35 ms
[Rank 0][RecDouble] Step 1: total 0.52 ms
[Rank 0][RecDouble] Step 0: partner=1, send/recv took 0.26 ms
[Rank 0][RecDouble] Step 0: total 0.36 ms
[Rank 0][RecDouble] Step 1: partner=2, send/recv took 0.51 ms
[Rank 0][RecDouble] Step 1: total 0.64 ms
[Rank 0][RecDouble] Step 0: partner=1, send/recv took 0.46 ms
[Rank 0][RecDouble] Step 0: total 0.56 ms
[Rank 0][RecDouble] Step 1: partner=2, send/recv took 1.57 ms
[Rank 0][RecDouble] Step 1: total 1.71 ms
[Rank 0][RecDouble] Step 0: partner=1, send/recv took 0.34 ms
[Rank 0][RecDouble] Step 0: total 0.43 ms
[Rank 0][RecDouble] Step 1: partner=2, send/recv took 0.34 ms
[Rank 0][RecDouble] Step 1: total 0.46 ms
[Rank 1][RecDouble] Step 0: partner=0, send/recv took 0.55 ms
[Rank 1][RecDouble] Step 0: total 0.68 ms
[Rank 1][RecDouble] Step 1: partner=3, send/recv took 0.35 ms
[Rank 1][RecDouble] Step 1: total 0.51 ms
[Rank 1][RecDouble] Step 0: partner=0, send/recv took 0.35 ms
[Rank 1][RecDouble] Step 0: total 0.45 ms
[Rank 1][RecDouble] Step 1: partner=3, send/recv took 0.54 ms
[Rank 1][RecDouble] Step 1: total 0.73 ms
[Rank 1][RecDouble] Step 0: partner=0, send/recv took 0.27 ms
[Rank 1][RecDouble] Step 0: total 0.40 ms
[Rank 1][RecDouble] Step 1: partner=3, send/recv took 0.36 ms
[Rank 1][RecDouble] Step 1: total 0.55 ms
[Rank 1][RecDouble] Step 0: partner=0, send/recv took 0.29 ms
[Rank 1][RecDouble] Step 0: total 0.43 ms
[Rank 1][RecDouble] Step 1: partner=3, send/recv took 0.35 ms
[Rank 1][RecDouble] Step 1: total 0.52 ms
[Rank 3][RecDouble] Step 0: partner=2, send/recv took 0.46 ms
[Rank 3][RecDouble] Step 0: total 0.62 ms
[Rank 3][RecDouble] Step 1: partner=1, send/recv took 0.40 ms
[Rank 3][RecDouble] Step 1: total 0.58 ms
[Rank 3][RecDouble] Step 0: partner=2, send/recv took 0.48 ms
[Rank 3][RecDouble] Step 0: total 0.59 ms
[Rank 3][RecDouble] Step 1: partner=1, send/recv took 0.30 ms
[Rank 3][RecDouble] Step 1: total 0.44 ms
[Rank 3][RecDouble] Step 0: partner=2, send/recv took 0.37 ms
[Rank 3][RecDouble] Step 0: total 0.47 ms
[Rank 3][RecDouble] Step 1: partner=1, send/recv took 0.41 ms
[Rank 3][RecDouble] Step 1: total 0.57 ms
[Rank 3][RecDouble] Step 0: partner=2, send/recv took 0.35 ms
[Rank 3][RecDouble] Step 0: total 0.45 ms
[Rank 3][RecDouble] Step 1: partner=1, send/recv took 0.37 ms
[Rank 3][RecDouble] Step 1: total 0.49 ms
[Rank 2][RecDouble] Step 0: partner=3, send/recv took 0.46 ms
[Rank 2][RecDouble] Step 0: total 0.60 ms
[Rank 2][RecDouble] Step 1: partner=0, send/recv took 0.42 ms
[Rank 2][RecDouble] Step 1: total 0.57 ms
[Rank 2][RecDouble] Step 0: partner=3, send/recv took 0.35 ms
[Rank 2][RecDouble] Step 0: total 0.46 ms
[Rank 2][RecDouble] Step 1: partner=0, send/recv took 0.28 ms
[Rank 2][RecDouble] Step 1: total 0.42 ms
[Rank 2][RecDouble] Step 0: partner=3, send/recv took 0.31 ms
[Rank 2][RecDouble] Step 0: total 0.45 ms
[Rank 2][RecDouble] Step 1: partner=0, send/recv took 0.42 ms
[Rank 2][RecDouble] Step 1: total 1.74 ms
[Rank 2][RecDouble] Step 0: partner=3, send/recv took 0.30 ms
[Rank 2][RecDouble] Step 0: total 0.43 ms
[Rank 2][RecDouble] Step 1: partner=0, send/recv took 0.29 ms
[Rank 2][RecDouble] Step 1: total 0.46 ms
    Recursive Doubling    : 1.57 ms
/homes/saha119/.local/lib/python3.10/site-packages/matplotlib/projections/__init__.py:63: UserWarning: Unable to import Axes3D. This may be due to multiple versions of Matplotlib being installed (e.g. as a system package and as a pip package). As a result, the 3D projection is not available.
  warnings.warn("Unable to import Axes3D. This may be due to multiple versions of "
/homes/saha119/.local/lib/python3.10/site-packages/matplotlib/projections/__init__.py:63: UserWarning: Unable to import Axes3D. This may be due to multiple versions of Matplotlib being installed (e.g. as a system package and as a pip package). As a result, the 3D projection is not available.
  warnings.warn("Unable to import Axes3D. This may be due to multiple versions of "
/homes/saha119/.local/lib/python3.10/site-packages/matplotlib/projections/__init__.py:63: UserWarning: Unable to import Axes3D. This may be due to multiple versions of Matplotlib being installed (e.g. as a system package and as a pip package). As a result, the 3D projection is not available.
  warnings.warn("Unable to import Axes3D. This may be due to multiple versions of "
/homes/saha119/.local/lib/python3.10/site-packages/matplotlib/projections/__init__.py:63: UserWarning: Unable to import Axes3D. This may be due to multiple versions of Matplotlib being installed (e.g. as a system package and as a pip package). As a result, the 3D projection is not available.
  warnings.warn("Unable to import Axes3D. This may be due to multiple versions of "
terminate called after throwing an instance of 'gloo::EnforceNotMet'
  what():  [enforce fail at /pytorch/third_party/gloo/gloo/transport/tcp/pair.cc:456] op.preamble.length <= op.nbytes. 8388608 vs 16384. Received data size doesn't match expected size. Is there a distributed collective mismatch in your code?
terminate called after throwing an instance of 'gloo::EnforceNotMet'
  what():  [enforce fail at /pytorch/third_party/gloo/gloo/transport/tcp/pair.cc:456] op.preamble.length <= op.nbytes. 8388608 vs 16384. Received data size doesn't match expected size. Is there a distributed collective mismatch in your code?
W0416 15:16:52.431000 2226325 /home/u4/saha119/.local/lib/python3.10/site-packages/torch/multiprocessing/spawn.py:165] Terminating process 2235337 via signal SIGTERM
W0416 15:16:52.432000 2226325 /home/u4/saha119/.local/lib/python3.10/site-packages/torch/multiprocessing/spawn.py:165] Terminating process 2235339 via signal SIGTERM
W0416 15:16:52.433000 2226325 /home/u4/saha119/.local/lib/python3.10/site-packages/torch/multiprocessing/spawn.py:165] Terminating process 2235340 via signal SIGTERM
Traceback (most recent call last):
  File "/home/u4/saha119/CS536/hw5/allGatherBenchmark.py", line 249, in <module>
    plot_vs_message_size()
  File "/home/u4/saha119/CS536/hw5/allGatherBenchmark.py", line 130, in plot_vs_message_size
    t = measure(algo_name, FIXED_WORLD_SIZE, msg_bytes)
  File "/home/u4/saha119/CS536/hw5/allGatherBenchmark.py", line 108, in measure
    mp.spawn(
  File "/homes/saha119/.local/lib/python3.10/site-packages/torch/multiprocessing/spawn.py", line 340, in spawn
    return start_processes(fn, args, nprocs, join, daemon, start_method="spawn")
  File "/homes/saha119/.local/lib/python3.10/site-packages/torch/multiprocessing/spawn.py", line 296, in start_processes
    while not context.join():
  File "/homes/saha119/.local/lib/python3.10/site-packages/torch/multiprocessing/spawn.py", line 192, in join
    raise ProcessExitedException(
torch.multiprocessing.spawn.ProcessExitedException: process 3 terminated with signal SIGABRT
